[10-07 23:41:49] 과제 0 seed 42 positive_only quick_10ep: 손실 1.006 (0-예측 1.005, 독립 3.692) C2ST 0.884 TSTR내부 0.5230
[10-07 23:41:53] 과제 0 seed 42 positive_only full_200ep: 손실 0.971 (0-예측 1.005, 독립 3.692) C2ST 0.820 TSTR내부 0.4619
[10-07 23:41:56] 과제 0 seed 42 conditional_mixed quick_10ep: 손실 1.005 (0-예측 1.005, 독립 3.705) C2ST 0.900 TSTR내부 0.2771
[10-07 23:42:01] 과제 0 seed 42 conditional_mixed full_200ep: 손실 0.901 (0-예측 1.005, 독립 3.705) C2ST 0.868 TSTR내부 0.1723
[10-07 23:42:04] 과제 0 seed 43 positive_only quick_10ep: 손실 1.005 (0-예측 1.005, 독립 3.709) C2ST 0.855 TSTR내부 0.3674
[10-07 23:42:08] 과제 0 seed 43 positive_only full_200ep: 손실 0.973 (0-예측 1.005, 독립 3.709) C2ST 0.830 TSTR내부 0.5031
[10-07 23:42:12] 과제 0 seed 43 conditional_mixed quick_10ep: 손실 1.005 (0-예측 1.005, 독립 3.668) C2ST 0.890 TSTR내부 0.2195
[10-07 23:42:17] 과제 0 seed 43 conditional_mixed full_200ep: 손실 0.872 (0-예측 1.005, 독립 3.668) C2ST 0.900 TSTR내부 0.2943
[10-07 23:42:21] 과제 0 seed 44 positive_only quick_10ep: 손실 1.006 (0-예측 1.005, 독립 3.724) C2ST 0.822 TSTR내부 0.5206
[10-07 23:42:25] 과제 0 seed 44 positive_only full_200ep: 손실 0.969 (0-예측 1.005, 독립 3.724) C2ST 0.832 TSTR내부 0.5333
[10-07 23:42:28] 과제 0 seed 44 conditional_mixed quick_10ep: 손실 1.005 (0-예측 1.005, 독립 3.661) C2ST 0.904 TSTR내부 0.3295
[10-07 23:42:33] 과제 0 seed 44 conditional_mixed full_200ep: 손실 0.873 (0-예측 1.005, 독립 3.661) C2ST 0.860 TSTR내부 0.2075
[10-07 23:42:36] 과제 0 seed 45 positive_only quick_10ep: 손실 1.006 (0-예측 1.005, 독립 3.718) C2ST 0.833 TSTR내부 0.6124
[10-07 23:42:41] 과제 0 seed 45 positive_only full_200ep: 손실 0.977 (0-예측 1.005, 독립 3.718) C2ST 0.832 TSTR내부 0.6091
[10-07 23:42:44] 과제 0 seed 45 conditional_mixed quick_10ep: 손실 1.005 (0-예측 1.005, 독립 3.724) C2ST 0.963 TSTR내부 0.4791
[10-07 23:42:49] 과제 0 seed 45 conditional_mixed full_200ep: 손실 0.909 (0-예측 1.005, 독립 3.724) C2ST 0.936 TSTR내부 0.3133
[10-07 23:42:52] 과제 0 seed 46 positive_only quick_10ep: 손실 1.006 (0-예측 1.005, 독립 3.706) C2ST 0.890 TSTR내부 0.5757
[10-07 23:42:56] 과제 0 seed 46 positive_only full_200ep: 손실 0.961 (0-예측 1.005, 독립 3.706) C2ST 0.854 TSTR내부 0.6199
[10-07 23:42:59] 과제 0 seed 46 conditional_mixed quick_10ep: 손실 1.005 (0-예측 1.005, 독립 3.681) C2ST 0.926 TSTR내부 0.2601
[10-07 23:43:05] 과제 0 seed 46 conditional_mixed full_200ep: 손실 0.893 (0-예측 1.005, 독립 3.681) C2ST 0.899 TSTR내부 0.2515
[10-07 23:43:40] 과제 10 seed 42 positive_only quick_10ep: 손실 1.001 (0-예측 1.001, 독립 4.390) C2ST 1.000 TSTR내부 0.0466
[10-07 23:44:14] 과제 10 seed 42 positive_only full_200ep: 손실 1.001 (0-예측 1.001, 독립 4.390) C2ST 1.000 TSTR내부 0.0477
[10-07 23:44:39] 과제 10 seed 42 conditional_mixed quick_10ep: 손실 1.001 (0-예측 1.001, 독립 4.391) C2ST 1.000 TSTR내부 0.0224
[10-07 23:45:42] 과제 10 seed 42 conditional_mixed full_200ep: 손실 1.001 (0-예측 1.001, 독립 4.391) C2ST 1.000 TSTR내부 0.0188
[10-07 23:46:18] 과제 10 seed 43 positive_only quick_10ep: 손실 1.001 (0-예측 1.001, 독립 4.391) C2ST 1.000 TSTR내부 0.0462
[10-07 23:46:50] 과제 10 seed 43 positive_only full_200ep: 손실 1.001 (0-예측 1.001, 독립 4.391) C2ST 1.000 TSTR내부 0.0309
[10-07 23:47:18] 과제 10 seed 43 conditional_mixed quick_10ep: 손실 1.001 (0-예측 1.001, 독립 4.398) C2ST 1.000 TSTR내부 0.0289
[10-07 23:48:21] 과제 10 seed 43 conditional_mixed full_200ep: 손실 1.001 (0-예측 1.001, 독립 4.398) C2ST 1.000 TSTR내부 0.0243
[10-07 23:48:57] 과제 10 seed 44 positive_only quick_10ep: 손실 1.001 (0-예측 1.001, 독립 4.399) C2ST 0.999 TSTR내부 0.0405
[10-07 23:49:30] 과제 10 seed 44 positive_only full_200ep: 손실 1.001 (0-예측 1.001, 독립 4.399) C2ST 0.999 TSTR내부 0.0341
[10-07 23:49:58] 과제 10 seed 44 conditional_mixed quick_10ep: 손실 1.001 (0-예측 1.001, 독립 4.392) C2ST 1.000 TSTR내부 0.0298
[10-07 23:51:02] 과제 10 seed 44 conditional_mixed full_200ep: 손실 1.001 (0-예측 1.001, 독립 4.392) C2ST 1.000 TSTR내부 0.0272
[10-07 23:51:38] 과제 10 seed 45 positive_only quick_10ep: 손실 1.001 (0-예측 1.001, 독립 4.394) C2ST 1.000 TSTR내부 0.0651
[10-07 23:52:13] 과제 10 seed 45 positive_only full_200ep: 손실 1.001 (0-예측 1.001, 독립 4.394) C2ST 1.000 TSTR내부 0.0481
[10-07 23:52:40] 과제 10 seed 45 conditional_mixed quick_10ep: 손실 1.002 (0-예측 1.001, 독립 4.393) C2ST 1.000 TSTR내부 0.0256
[10-07 23:53:43] 과제 10 seed 45 conditional_mixed full_200ep: 손실 1.001 (0-예측 1.001, 독립 4.393) C2ST 1.000 TSTR내부 0.0306
[10-07 23:54:20] 과제 10 seed 46 positive_only quick_10ep: 손실 1.001 (0-예측 1.001, 독립 4.390) C2ST 1.000 TSTR내부 0.0554
[10-07 23:54:53] 과제 10 seed 46 positive_only full_200ep: 손실 1.001 (0-예측 1.001, 독립 4.390) C2ST 1.000 TSTR내부 0.0527
[10-07 23:55:20] 과제 10 seed 46 conditional_mixed quick_10ep: 손실 1.001 (0-예측 1.001, 독립 4.397) C2ST 1.000 TSTR내부 0.0187
[10-07 23:56:25] 과제 10 seed 46 conditional_mixed full_200ep: 손실 1.001 (0-예측 1.001, 독립 4.397) C2ST 1.000 TSTR내부 0.0168
[10-07 23:56:31] 과제 1 seed 42 positive_only quick_10ep: 손실 1.006 (0-예측 1.005, 독립 4.137) C2ST 0.970 TSTR내부 0.2172
[10-07 23:56:39] 과제 1 seed 42 positive_only full_200ep: 손실 0.965 (0-예측 1.005, 독립 4.137) C2ST 0.970 TSTR내부 0.2395
[10-07 23:56:46] 과제 1 seed 42 conditional_mixed quick_10ep: 손실 1.005 (0-예측 1.005, 독립 4.125) C2ST 0.980 TSTR내부 0.1975
[10-07 23:57:00] 과제 1 seed 42 conditional_mixed full_200ep: 손실 0.907 (0-예측 1.005, 독립 4.125) C2ST 0.989 TSTR내부 0.1764
[10-07 23:57:07] 과제 1 seed 43 positive_only quick_10ep: 손실 1.006 (0-예측 1.005, 독립 4.140) C2ST 0.983 TSTR내부 0.2525
[10-07 23:57:15] 과제 1 seed 43 positive_only full_200ep: 손실 0.961 (0-예측 1.005, 독립 4.140) C2ST 0.984 TSTR내부 0.2886
[10-07 23:57:22] 과제 1 seed 43 conditional_mixed quick_10ep: 손실 1.005 (0-예측 1.005, 독립 4.139) C2ST 0.979 TSTR내부 0.1534
[10-07 23:57:36] 과제 1 seed 43 conditional_mixed full_200ep: 손실 0.900 (0-예측 1.005, 독립 4.139) C2ST 0.988 TSTR내부 0.0839
[10-07 23:57:42] 과제 1 seed 44 positive_only quick_10ep: 손실 1.006 (0-예측 1.005, 독립 4.134) C2ST 0.981 TSTR내부 0.2156
[10-07 23:57:50] 과제 1 seed 44 positive_only full_200ep: 손실 0.956 (0-예측 1.005, 독립 4.134) C2ST 0.978 TSTR내부 0.2531
[10-07 23:57:57] 과제 1 seed 44 conditional_mixed quick_10ep: 손실 1.005 (0-예측 1.005, 독립 4.143) C2ST 0.983 TSTR내부 0.2058
[10-07 23:58:12] 과제 1 seed 44 conditional_mixed full_200ep: 손실 0.899 (0-예측 1.005, 독립 4.143) C2ST 0.998 TSTR내부 0.0837
[10-07 23:58:19] 과제 1 seed 45 positive_only quick_10ep: 손실 1.006 (0-예측 1.005, 독립 4.141) C2ST 0.972 TSTR내부 0.2928
[10-07 23:58:27] 과제 1 seed 45 positive_only full_200ep: 손실 0.957 (0-예측 1.005, 독립 4.141) C2ST 0.981 TSTR내부 0.2785
[10-07 23:58:34] 과제 1 seed 45 conditional_mixed quick_10ep: 손실 1.005 (0-예측 1.005, 독립 4.126) C2ST 0.981 TSTR내부 0.1874
[10-07 23:58:49] 과제 1 seed 45 conditional_mixed full_200ep: 손실 0.904 (0-예측 1.005, 독립 4.126) C2ST 0.987 TSTR내부 0.1415
[10-07 23:58:55] 과제 1 seed 46 positive_only quick_10ep: 손실 1.006 (0-예측 1.005, 독립 4.140) C2ST 0.985 TSTR내부 0.2451
[10-07 23:59:04] 과제 1 seed 46 positive_only full_200ep: 손실 0.958 (0-예측 1.005, 독립 4.140) C2ST 0.977 TSTR내부 0.2696
[10-07 23:59:11] 과제 1 seed 46 conditional_mixed quick_10ep: 손실 1.005 (0-예측 1.005, 독립 4.136) C2ST 0.976 TSTR내부 0.1630
[10-07 23:59:25] 과제 1 seed 46 conditional_mixed full_200ep: 손실 0.899 (0-예측 1.005, 독립 4.136) C2ST 0.994 TSTR내부 0.1035
[10-07 23:59:37] 과제 2 seed 42 positive_only quick_10ep: 손실 1.002 (0-예측 1.002, 독립 4.273) C2ST 1.000 TSTR내부 0.0563
[10-07 23:59:52] 과제 2 seed 42 positive_only full_200ep: 손실 0.935 (0-예측 1.002, 독립 4.273) C2ST 0.999 TSTR내부 0.0486
[10-08 00:00:10] 과제 2 seed 42 conditional_mixed quick_10ep: 손실 0.996 (0-예측 1.002, 독립 4.259) C2ST 0.996 TSTR내부 0.0365
[10-08 00:00:47] 과제 2 seed 42 conditional_mixed full_200ep: 손실 0.941 (0-예측 1.002, 독립 4.259) C2ST 0.996 TSTR내부 0.0407
[10-08 00:00:58] 과제 2 seed 43 positive_only quick_10ep: 손실 1.002 (0-예측 1.002, 독립 4.279) C2ST 0.999 TSTR내부 0.0489
[10-08 00:01:14] 과제 2 seed 43 positive_only full_200ep: 손실 0.942 (0-예측 1.002, 독립 4.279) C2ST 0.999 TSTR내부 0.0565
[10-08 00:01:31] 과제 2 seed 43 conditional_mixed quick_10ep: 손실 0.994 (0-예측 1.002, 독립 4.275) C2ST 0.999 TSTR내부 0.0412
[10-08 00:02:07] 과제 2 seed 43 conditional_mixed full_200ep: 손실 0.954 (0-예측 1.002, 독립 4.275) C2ST 0.999 TSTR내부 0.0346
[10-08 00:02:19] 과제 2 seed 44 positive_only quick_10ep: 손실 1.002 (0-예측 1.002, 독립 4.273) C2ST 0.999 TSTR내부 0.0443
[10-08 00:02:36] 과제 2 seed 44 positive_only full_200ep: 손실 0.936 (0-예측 1.002, 독립 4.273) C2ST 0.999 TSTR내부 0.0491
[10-08 00:02:53] 과제 2 seed 44 conditional_mixed quick_10ep: 손실 0.996 (0-예측 1.002, 독립 4.262) C2ST 1.000 TSTR내부 0.0386
[10-08 00:03:29] 과제 2 seed 44 conditional_mixed full_200ep: 손실 0.953 (0-예측 1.002, 독립 4.262) C2ST 1.000 TSTR내부 0.0343
[10-08 00:03:40] 과제 2 seed 45 positive_only quick_10ep: 손실 1.002 (0-예측 1.002, 독립 4.271) C2ST 1.000 TSTR내부 0.0509
[10-08 00:03:56] 과제 2 seed 45 positive_only full_200ep: 손실 0.946 (0-예측 1.002, 독립 4.271) C2ST 0.999 TSTR내부 0.0490
[10-08 00:04:14] 과제 2 seed 45 conditional_mixed quick_10ep: 손실 0.996 (0-예측 1.002, 독립 4.271) C2ST 0.997 TSTR내부 0.0364
[10-08 00:04:51] 과제 2 seed 45 conditional_mixed full_200ep: 손실 0.965 (0-예측 1.002, 독립 4.271) C2ST 0.999 TSTR내부 0.0315
[10-08 00:05:03] 과제 2 seed 46 positive_only quick_10ep: 손실 1.002 (0-예측 1.002, 독립 4.273) C2ST 1.000 TSTR내부 0.0582
[10-08 00:05:21] 과제 2 seed 46 positive_only full_200ep: 손실 0.934 (0-예측 1.002, 독립 4.273) C2ST 1.000 TSTR내부 0.0552
[10-08 00:05:39] 과제 2 seed 46 conditional_mixed quick_10ep: 손실 0.992 (0-예측 1.002, 독립 4.263) C2ST 0.998 TSTR내부 0.0388
[10-08 00:06:18] 과제 2 seed 46 conditional_mixed full_200ep: 손실 0.940 (0-예측 1.002, 독립 4.263) C2ST 0.999 TSTR내부 0.0392
[10-08 00:06:23] 과제 3 seed 42 positive_only quick_10ep: 손실 1.006 (0-예측 1.006, 독립 4.025) C2ST 0.966 TSTR내부 0.1174
[10-08 00:06:31] 과제 3 seed 42 positive_only full_200ep: 손실 0.989 (0-예측 1.006, 독립 4.025) C2ST 0.965 TSTR내부 0.1639
[10-08 00:06:37] 과제 3 seed 42 conditional_mixed quick_10ep: 손실 1.005 (0-예측 1.006, 독립 4.028) C2ST 0.966 TSTR내부 0.0685
[10-08 00:06:49] 과제 3 seed 42 conditional_mixed full_200ep: 손실 0.866 (0-예측 1.006, 독립 4.028) C2ST 0.983 TSTR내부 0.0450
[10-08 00:06:55] 과제 3 seed 43 positive_only quick_10ep: 손실 1.006 (0-예측 1.006, 독립 4.024) C2ST 0.954 TSTR내부 0.2047
[10-08 00:07:02] 과제 3 seed 43 positive_only full_200ep: 손실 0.987 (0-예측 1.006, 독립 4.024) C2ST 0.955 TSTR내부 0.1968
[10-08 00:07:08] 과제 3 seed 43 conditional_mixed quick_10ep: 손실 1.005 (0-예측 1.006, 독립 4.034) C2ST 0.977 TSTR내부 0.0796
[10-08 00:07:19] 과제 3 seed 43 conditional_mixed full_200ep: 손실 0.870 (0-예측 1.006, 독립 4.034) C2ST 0.985 TSTR내부 0.0543
[10-08 00:07:25] 과제 3 seed 44 positive_only quick_10ep: 손실 1.006 (0-예측 1.006, 독립 4.027) C2ST 0.953 TSTR내부 0.1876
[10-08 00:07:33] 과제 3 seed 44 positive_only full_200ep: 손실 0.988 (0-예측 1.006, 독립 4.027) C2ST 0.952 TSTR내부 0.1647
[10-08 00:07:39] 과제 3 seed 44 conditional_mixed quick_10ep: 손실 1.005 (0-예측 1.006, 독립 4.011) C2ST 0.960 TSTR내부 0.0590
[10-08 00:07:49] 과제 3 seed 44 conditional_mixed full_200ep: 손실 0.874 (0-예측 1.006, 독립 4.011) C2ST 0.986 TSTR내부 0.0640
[10-08 00:07:55] 과제 3 seed 45 positive_only quick_10ep: 손실 1.006 (0-예측 1.006, 독립 4.025) C2ST 0.956 TSTR내부 0.1712
[10-08 00:08:02] 과제 3 seed 45 positive_only full_200ep: 손실 0.990 (0-예측 1.006, 독립 4.025) C2ST 0.966 TSTR내부 0.1388
[10-08 00:08:08] 과제 3 seed 45 conditional_mixed quick_10ep: 손실 1.005 (0-예측 1.006, 독립 4.031) C2ST 0.957 TSTR내부 0.0857
[10-08 00:08:20] 과제 3 seed 45 conditional_mixed full_200ep: 손실 0.876 (0-예측 1.006, 독립 4.031) C2ST 0.971 TSTR내부 0.0484
[10-08 00:08:26] 과제 3 seed 46 positive_only quick_10ep: 손실 1.006 (0-예측 1.006, 독립 4.028) C2ST 0.960 TSTR내부 0.1270
[10-08 00:08:33] 과제 3 seed 46 positive_only full_200ep: 손실 0.990 (0-예측 1.006, 독립 4.028) C2ST 0.944 TSTR내부 0.1586
[10-08 00:08:39] 과제 3 seed 46 conditional_mixed quick_10ep: 손실 1.005 (0-예측 1.006, 독립 4.025) C2ST 0.969 TSTR내부 0.0501
[10-08 00:08:50] 과제 3 seed 46 conditional_mixed full_200ep: 손실 0.892 (0-예측 1.006, 독립 4.025) C2ST 0.985 TSTR내부 0.0452
[10-08 00:08:54] 과제 4 seed 42 positive_only quick_10ep: 손실 1.007 (0-예측 1.007, 독립 3.911) C2ST 0.874 TSTR내부 0.1076
[10-08 00:08:59] 과제 4 seed 42 positive_only full_200ep: 손실 0.977 (0-예측 1.007, 독립 3.911) C2ST 0.877 TSTR내부 0.1065
[10-08 00:09:03] 과제 4 seed 42 conditional_mixed quick_10ep: 손실 1.007 (0-예측 1.007, 독립 3.866) C2ST 0.875 TSTR내부 0.0818
[10-08 00:09:10] 과제 4 seed 42 conditional_mixed full_200ep: 손실 0.950 (0-예측 1.007, 독립 3.866) C2ST 0.859 TSTR내부 0.0709
[10-08 00:09:14] 과제 4 seed 43 positive_only quick_10ep: 손실 1.008 (0-예측 1.007, 독립 3.906) C2ST 0.900 TSTR내부 0.0782
[10-08 00:09:18] 과제 4 seed 43 positive_only full_200ep: 손실 0.980 (0-예측 1.007, 독립 3.906) C2ST 0.862 TSTR내부 0.0963
[10-08 00:09:22] 과제 4 seed 43 conditional_mixed quick_10ep: 손실 1.008 (0-예측 1.007, 독립 3.847) C2ST 0.842 TSTR내부 0.0345
[10-08 00:09:29] 과제 4 seed 43 conditional_mixed full_200ep: 손실 0.950 (0-예측 1.007, 독립 3.847) C2ST 0.874 TSTR내부 0.0645
[10-08 00:09:33] 과제 4 seed 44 positive_only quick_10ep: 손실 1.008 (0-예측 1.007, 독립 3.912) C2ST 0.886 TSTR내부 0.0535
[10-08 00:09:38] 과제 4 seed 44 positive_only full_200ep: 손실 0.986 (0-예측 1.007, 독립 3.912) C2ST 0.899 TSTR내부 0.0575
[10-08 00:09:42] 과제 4 seed 44 conditional_mixed quick_10ep: 손실 1.007 (0-예측 1.007, 독립 3.852) C2ST 0.899 TSTR내부 0.0365
[10-08 00:09:49] 과제 4 seed 44 conditional_mixed full_200ep: 손실 0.949 (0-예측 1.007, 독립 3.852) C2ST 0.905 TSTR내부 0.0331
[10-08 00:09:53] 과제 4 seed 45 positive_only quick_10ep: 손실 1.008 (0-예측 1.007, 독립 3.903) C2ST 0.894 TSTR내부 0.0641
[10-08 00:09:58] 과제 4 seed 45 positive_only full_200ep: 손실 0.986 (0-예측 1.007, 독립 3.903) C2ST 0.854 TSTR내부 0.1229
[10-08 00:10:02] 과제 4 seed 45 conditional_mixed quick_10ep: 손실 1.008 (0-예측 1.007, 독립 3.857) C2ST 0.907 TSTR내부 0.0361
[10-08 00:10:09] 과제 4 seed 45 conditional_mixed full_200ep: 손실 0.947 (0-예측 1.007, 독립 3.857) C2ST 0.845 TSTR내부 0.0372
[10-08 00:10:12] 과제 4 seed 46 positive_only quick_10ep: 손실 1.008 (0-예측 1.007, 독립 3.909) C2ST 0.906 TSTR내부 0.0486
[10-08 00:10:17] 과제 4 seed 46 positive_only full_200ep: 손실 0.984 (0-예측 1.007, 독립 3.909) C2ST 0.844 TSTR내부 0.0782
[10-08 00:10:21] 과제 4 seed 46 conditional_mixed quick_10ep: 손실 1.008 (0-예측 1.007, 독립 3.859) C2ST 0.909 TSTR내부 0.0532
[10-08 00:10:28] 과제 4 seed 46 conditional_mixed full_200ep: 손실 0.953 (0-예측 1.007, 독립 3.859) C2ST 0.919 TSTR내부 0.0282
[10-08 00:10:34] 과제 5 seed 42 positive_only quick_10ep: 손실 1.004 (0-예측 1.004, 독립 3.665) C2ST 0.987 TSTR내부 0.1215
[10-08 00:10:42] 과제 5 seed 42 positive_only full_200ep: 손실 0.853 (0-예측 1.004, 독립 3.665) C2ST 0.972 TSTR내부 0.1052
[10-08 00:10:49] 과제 5 seed 42 conditional_mixed quick_10ep: 손실 0.986 (0-예측 1.004, 독립 3.626) C2ST 0.979 TSTR내부 0.0493
[10-08 00:11:06] 과제 5 seed 42 conditional_mixed full_200ep: 손실 0.702 (0-예측 1.004, 독립 3.626) C2ST 0.999 TSTR내부 0.0348
[10-08 00:11:12] 과제 5 seed 43 positive_only quick_10ep: 손실 1.004 (0-예측 1.004, 독립 3.655) C2ST 0.974 TSTR내부 0.1043
[10-08 00:11:21] 과제 5 seed 43 positive_only full_200ep: 손실 0.836 (0-예측 1.004, 독립 3.655) C2ST 0.977 TSTR내부 0.0828
[10-08 00:11:27] 과제 5 seed 43 conditional_mixed quick_10ep: 손실 0.987 (0-예측 1.004, 독립 3.620) C2ST 0.972 TSTR내부 0.0620
[10-08 00:11:43] 과제 5 seed 43 conditional_mixed full_200ep: 손실 0.694 (0-예측 1.004, 독립 3.620) C2ST 0.999 TSTR내부 0.0334
[10-08 00:11:49] 과제 5 seed 44 positive_only quick_10ep: 손실 1.004 (0-예측 1.004, 독립 3.672) C2ST 0.981 TSTR내부 0.1046
[10-08 00:11:58] 과제 5 seed 44 positive_only full_200ep: 손실 0.848 (0-예측 1.004, 독립 3.672) C2ST 0.984 TSTR내부 0.1290
[10-08 00:12:05] 과제 5 seed 44 conditional_mixed quick_10ep: 손실 0.983 (0-예측 1.004, 독립 3.634) C2ST 0.993 TSTR내부 0.0564
[10-08 00:12:21] 과제 5 seed 44 conditional_mixed full_200ep: 손실 0.696 (0-예측 1.004, 독립 3.634) C2ST 0.999 TSTR내부 0.0310
[10-08 00:12:27] 과제 5 seed 45 positive_only quick_10ep: 손실 1.004 (0-예측 1.004, 독립 3.663) C2ST 0.984 TSTR내부 0.0971
[10-08 00:12:36] 과제 5 seed 45 positive_only full_200ep: 손실 0.849 (0-예측 1.004, 독립 3.663) C2ST 0.983 TSTR내부 0.0792
[10-08 00:12:42] 과제 5 seed 45 conditional_mixed quick_10ep: 손실 0.988 (0-예측 1.004, 독립 3.628) C2ST 0.983 TSTR내부 0.0648
[10-08 00:12:59] 과제 5 seed 45 conditional_mixed full_200ep: 손실 0.688 (0-예측 1.004, 독립 3.628) C2ST 0.995 TSTR내부 0.0443
[10-08 00:13:05] 과제 5 seed 46 positive_only quick_10ep: 손실 1.004 (0-예측 1.004, 독립 3.663) C2ST 0.991 TSTR내부 0.0941
[10-08 00:13:15] 과제 5 seed 46 positive_only full_200ep: 손실 0.838 (0-예측 1.004, 독립 3.663) C2ST 0.984 TSTR내부 0.0818
[10-08 00:13:22] 과제 5 seed 46 conditional_mixed quick_10ep: 손실 0.984 (0-예측 1.004, 독립 3.631) C2ST 0.975 TSTR내부 0.0484
[10-08 00:13:39] 과제 5 seed 46 conditional_mixed full_200ep: 손실 0.704 (0-예측 1.004, 독립 3.631) C2ST 0.999 TSTR내부 0.0300
[10-08 00:13:50] 과제 6 seed 42 positive_only quick_10ep: 손실 1.003 (0-예측 1.003, 독립 4.331) C2ST 1.000 TSTR내부 0.1252
[10-08 00:14:06] 과제 6 seed 42 positive_only full_200ep: 손실 0.996 (0-예측 1.003, 독립 4.331) C2ST 0.999 TSTR내부 0.1088
[10-08 00:14:24] 과제 6 seed 42 conditional_mixed quick_10ep: 손실 0.997 (0-예측 1.003, 독립 4.327) C2ST 0.996 TSTR내부 0.0921
[10-08 00:14:58] 과제 6 seed 42 conditional_mixed full_200ep: 손실 0.985 (0-예측 1.003, 독립 4.327) C2ST 1.000 TSTR내부 0.0389
[10-08 00:15:10] 과제 6 seed 43 positive_only quick_10ep: 손실 1.003 (0-예측 1.003, 독립 4.332) C2ST 0.998 TSTR내부 0.1165
[10-08 00:15:26] 과제 6 seed 43 positive_only full_200ep: 손실 0.998 (0-예측 1.003, 독립 4.332) C2ST 0.998 TSTR내부 0.1135
[10-08 00:15:44] 과제 6 seed 43 conditional_mixed quick_10ep: 손실 1.001 (0-예측 1.003, 독립 4.313) C2ST 0.999 TSTR내부 0.0682
[10-08 00:16:20] 과제 6 seed 43 conditional_mixed full_200ep: 손실 0.984 (0-예측 1.003, 독립 4.313) C2ST 0.999 TSTR내부 0.0589
[10-08 00:16:32] 과제 6 seed 44 positive_only quick_10ep: 손실 1.003 (0-예측 1.003, 독립 4.334) C2ST 0.999 TSTR내부 0.1197
[10-08 00:16:48] 과제 6 seed 44 positive_only full_200ep: 손실 0.999 (0-예측 1.003, 독립 4.334) C2ST 0.999 TSTR내부 0.0806
[10-08 00:17:06] 과제 6 seed 44 conditional_mixed quick_10ep: 손실 0.997 (0-예측 1.003, 독립 4.324) C2ST 0.998 TSTR내부 0.0774
[10-08 00:17:40] 과제 6 seed 44 conditional_mixed full_200ep: 손실 0.974 (0-예측 1.003, 독립 4.324) C2ST 1.000 TSTR내부 0.0484
[10-08 00:17:52] 과제 6 seed 45 positive_only quick_10ep: 손실 1.003 (0-예측 1.003, 독립 4.334) C2ST 0.999 TSTR내부 0.1297
[10-08 00:18:09] 과제 6 seed 45 positive_only full_200ep: 손실 0.999 (0-예측 1.003, 독립 4.334) C2ST 0.999 TSTR내부 0.1304
[10-08 00:18:27] 과제 6 seed 45 conditional_mixed quick_10ep: 손실 1.002 (0-예측 1.003, 독립 4.317) C2ST 0.996 TSTR내부 0.0698
[10-08 00:19:03] 과제 6 seed 45 conditional_mixed full_200ep: 손실 0.996 (0-예측 1.003, 독립 4.317) C2ST 0.998 TSTR내부 0.0497
[10-08 00:19:14] 과제 6 seed 46 positive_only quick_10ep: 손실 1.003 (0-예측 1.003, 독립 4.330) C2ST 1.000 TSTR내부 0.1279
[10-08 00:19:33] 과제 6 seed 46 positive_only full_200ep: 손실 0.995 (0-예측 1.003, 독립 4.330) C2ST 1.000 TSTR내부 0.1177
[10-08 00:19:52] 과제 6 seed 46 conditional_mixed quick_10ep: 손실 0.997 (0-예측 1.003, 독립 4.324) C2ST 0.997 TSTR내부 0.0705
[10-08 00:20:28] 과제 6 seed 46 conditional_mixed full_200ep: 손실 0.987 (0-예측 1.003, 독립 4.324) C2ST 0.999 TSTR내부 0.0640
[10-08 00:20:40] 과제 7 seed 42 positive_only quick_10ep: 손실 1.002 (0-예측 1.002, 독립 4.427) C2ST 0.999 TSTR내부 0.1011
[10-08 00:20:56] 과제 7 seed 42 positive_only full_200ep: 손실 1.002 (0-예측 1.002, 독립 4.427) C2ST 0.999 TSTR내부 0.1064
[10-08 00:21:15] 과제 7 seed 42 conditional_mixed quick_10ep: 손실 1.002 (0-예측 1.002, 독립 4.422) C2ST 0.999 TSTR내부 0.0922
[10-08 00:21:52] 과제 7 seed 42 conditional_mixed full_200ep: 손실 1.002 (0-예측 1.002, 독립 4.422) C2ST 0.999 TSTR내부 0.0809
[10-08 00:22:04] 과제 7 seed 43 positive_only quick_10ep: 손실 1.002 (0-예측 1.002, 독립 4.428) C2ST 0.998 TSTR내부 0.1201
[10-08 00:22:20] 과제 7 seed 43 positive_only full_200ep: 손실 1.002 (0-예측 1.002, 독립 4.428) C2ST 0.999 TSTR내부 0.1233
[10-08 00:22:39] 과제 7 seed 43 conditional_mixed quick_10ep: 손실 1.002 (0-예측 1.002, 독립 4.428) C2ST 1.000 TSTR내부 0.0679
[10-08 00:23:15] 과제 7 seed 43 conditional_mixed full_200ep: 손실 1.002 (0-예측 1.002, 독립 4.428) C2ST 0.999 TSTR내부 0.0755
[10-08 00:23:28] 과제 7 seed 44 positive_only quick_10ep: 손실 1.002 (0-예측 1.002, 독립 4.430) C2ST 0.998 TSTR내부 0.1234
[10-08 00:23:43] 과제 7 seed 44 positive_only full_200ep: 손실 1.002 (0-예측 1.002, 독립 4.430) C2ST 0.998 TSTR내부 0.1125
[10-08 00:24:02] 과제 7 seed 44 conditional_mixed quick_10ep: 손실 1.002 (0-예측 1.002, 독립 4.428) C2ST 0.999 TSTR내부 0.1161
[10-08 00:24:37] 과제 7 seed 44 conditional_mixed full_200ep: 손실 1.002 (0-예측 1.002, 독립 4.428) C2ST 0.999 TSTR내부 0.1180
[10-08 00:24:49] 과제 7 seed 45 positive_only quick_10ep: 손실 1.002 (0-예측 1.002, 독립 4.435) C2ST 0.999 TSTR내부 0.1271
[10-08 00:25:04] 과제 7 seed 45 positive_only full_200ep: 손실 1.002 (0-예측 1.002, 독립 4.435) C2ST 0.999 TSTR내부 0.1412
[10-08 00:25:23] 과제 7 seed 45 conditional_mixed quick_10ep: 손실 1.002 (0-예측 1.002, 독립 4.420) C2ST 0.999 TSTR내부 0.1245
[10-08 00:25:58] 과제 7 seed 45 conditional_mixed full_200ep: 손실 1.002 (0-예측 1.002, 독립 4.420) C2ST 1.000 TSTR내부 0.1131
[10-08 00:26:10] 과제 7 seed 46 positive_only quick_10ep: 손실 1.002 (0-예측 1.002, 독립 4.429) C2ST 0.999 TSTR내부 0.1298
[10-08 00:26:26] 과제 7 seed 46 positive_only full_200ep: 손실 1.002 (0-예측 1.002, 독립 4.429) C2ST 0.998 TSTR내부 0.1423
[10-08 00:26:44] 과제 7 seed 46 conditional_mixed quick_10ep: 손실 1.002 (0-예측 1.002, 독립 4.419) C2ST 0.997 TSTR내부 0.0833
[10-08 00:27:19] 과제 7 seed 46 conditional_mixed full_200ep: 손실 1.002 (0-예측 1.002, 독립 4.419) C2ST 0.997 TSTR내부 0.0801
[10-08 00:27:24] 과제 8 seed 42 positive_only quick_10ep: 손실 1.005 (0-예측 1.005, 독립 3.936) C2ST 0.980 TSTR내부 0.2792
[10-08 00:27:32] 과제 8 seed 42 positive_only full_200ep: 손실 0.928 (0-예측 1.005, 독립 3.936) C2ST 0.984 TSTR내부 0.1733
[10-08 00:27:38] 과제 8 seed 42 conditional_mixed quick_10ep: 손실 1.001 (0-예측 1.005, 독립 3.938) C2ST 0.980 TSTR내부 0.0721
[10-08 00:27:50] 과제 8 seed 42 conditional_mixed full_200ep: 손실 0.818 (0-예측 1.005, 독립 3.938) C2ST 0.998 TSTR내부 0.0754
[10-08 00:27:55] 과제 8 seed 43 positive_only quick_10ep: 손실 1.005 (0-예측 1.005, 독립 3.940) C2ST 0.982 TSTR내부 0.2832
[10-08 00:28:02] 과제 8 seed 43 positive_only full_200ep: 손실 0.927 (0-예측 1.005, 독립 3.940) C2ST 0.982 TSTR내부 0.2196
[10-08 00:28:08] 과제 8 seed 43 conditional_mixed quick_10ep: 손실 1.001 (0-예측 1.005, 독립 3.943) C2ST 0.982 TSTR내부 0.1180
[10-08 00:28:20] 과제 8 seed 43 conditional_mixed full_200ep: 손실 0.826 (0-예측 1.005, 독립 3.943) C2ST 0.999 TSTR내부 0.0534
[10-08 00:28:25] 과제 8 seed 44 positive_only quick_10ep: 손실 1.005 (0-예측 1.005, 독립 3.936) C2ST 0.987 TSTR내부 0.2720
[10-08 00:28:32] 과제 8 seed 44 positive_only full_200ep: 손실 0.916 (0-예측 1.005, 독립 3.936) C2ST 0.979 TSTR내부 0.2389
[10-08 00:28:38] 과제 8 seed 44 conditional_mixed quick_10ep: 손실 1.000 (0-예측 1.005, 독립 3.950) C2ST 0.984 TSTR내부 0.1545
[10-08 00:28:50] 과제 8 seed 44 conditional_mixed full_200ep: 손실 0.831 (0-예측 1.005, 독립 3.950) C2ST 0.992 TSTR내부 0.1883
[10-08 00:28:56] 과제 8 seed 45 positive_only quick_10ep: 손실 1.005 (0-예측 1.005, 독립 3.938) C2ST 0.987 TSTR내부 0.3291
[10-08 00:29:03] 과제 8 seed 45 positive_only full_200ep: 손실 0.918 (0-예측 1.005, 독립 3.938) C2ST 0.987 TSTR내부 0.3027
[10-08 00:29:09] 과제 8 seed 45 conditional_mixed quick_10ep: 손실 1.002 (0-예측 1.005, 독립 3.937) C2ST 0.975 TSTR내부 0.1371
[10-08 00:29:21] 과제 8 seed 45 conditional_mixed full_200ep: 손실 0.817 (0-예측 1.005, 독립 3.937) C2ST 0.997 TSTR내부 0.0621
[10-08 00:29:26] 과제 8 seed 46 positive_only quick_10ep: 손실 1.005 (0-예측 1.005, 독립 3.942) C2ST 0.976 TSTR내부 0.2079
[10-08 00:29:34] 과제 8 seed 46 positive_only full_200ep: 손실 0.923 (0-예측 1.005, 독립 3.942) C2ST 0.985 TSTR내부 0.2181
[10-08 00:29:40] 과제 8 seed 46 conditional_mixed quick_10ep: 손실 1.001 (0-예측 1.005, 독립 3.948) C2ST 0.977 TSTR내부 0.1700
[10-08 00:29:52] 과제 8 seed 46 conditional_mixed full_200ep: 손실 0.828 (0-예측 1.005, 독립 3.948) C2ST 0.997 TSTR내부 0.1100
[10-08 00:29:56] 과제 9 seed 42 positive_only quick_10ep: 손실 1.008 (0-예측 1.008, 독립 3.391) C2ST 0.850 TSTR내부 0.0189
[10-08 00:30:02] 과제 9 seed 42 positive_only full_200ep: 손실 0.930 (0-예측 1.008, 독립 3.391) C2ST 0.855 TSTR내부 0.0178
[10-08 00:30:06] 과제 9 seed 42 conditional_mixed quick_10ep: 손실 1.007 (0-예측 1.008, 독립 3.326) C2ST 0.892 TSTR내부 0.0107
[10-08 00:30:14] 과제 9 seed 42 conditional_mixed full_200ep: 손실 0.804 (0-예측 1.008, 독립 3.326) C2ST 0.872 TSTR내부 0.0134
[10-08 00:30:18] 과제 9 seed 43 positive_only quick_10ep: 손실 1.008 (0-예측 1.008, 독립 3.384) C2ST 0.903 TSTR내부 0.0167
[10-08 00:30:24] 과제 9 seed 43 positive_only full_200ep: 손실 0.941 (0-예측 1.008, 독립 3.384) C2ST 0.860 TSTR내부 0.0204
[10-08 00:30:28] 과제 9 seed 43 conditional_mixed quick_10ep: 손실 1.007 (0-예측 1.008, 독립 3.329) C2ST 0.931 TSTR내부 0.0108
[10-08 00:30:36] 과제 9 seed 43 conditional_mixed full_200ep: 손실 0.777 (0-예측 1.008, 독립 3.329) C2ST 0.894 TSTR내부 0.0106
[10-08 00:30:41] 과제 9 seed 44 positive_only quick_10ep: 손실 1.008 (0-예측 1.008, 독립 3.388) C2ST 0.886 TSTR내부 0.0350
[10-08 00:30:46] 과제 9 seed 44 positive_only full_200ep: 손실 0.949 (0-예측 1.008, 독립 3.388) C2ST 0.864 TSTR내부 0.0241
[10-08 00:30:51] 과제 9 seed 44 conditional_mixed quick_10ep: 손실 1.007 (0-예측 1.008, 독립 3.356) C2ST 0.895 TSTR내부 0.0093
[10-08 00:30:58] 과제 9 seed 44 conditional_mixed full_200ep: 손실 0.800 (0-예측 1.008, 독립 3.356) C2ST 0.878 TSTR내부 0.0188
[10-08 00:31:03] 과제 9 seed 45 positive_only quick_10ep: 손실 1.008 (0-예측 1.008, 독립 3.384) C2ST 0.887 TSTR내부 0.0178
[10-08 00:31:08] 과제 9 seed 45 positive_only full_200ep: 손실 0.934 (0-예측 1.008, 독립 3.384) C2ST 0.846 TSTR내부 0.0186
[10-08 00:31:13] 과제 9 seed 45 conditional_mixed quick_10ep: 손실 1.006 (0-예측 1.008, 독립 3.347) C2ST 0.888 TSTR내부 0.0115
[10-08 00:31:21] 과제 9 seed 45 conditional_mixed full_200ep: 손실 0.792 (0-예측 1.008, 독립 3.347) C2ST 0.884 TSTR내부 0.0131
[10-08 00:31:25] 과제 9 seed 46 positive_only quick_10ep: 손실 1.008 (0-예측 1.008, 독립 3.370) C2ST 0.870 TSTR내부 0.0216
[10-08 00:31:30] 과제 9 seed 46 positive_only full_200ep: 손실 0.922 (0-예측 1.008, 독립 3.370) C2ST 0.824 TSTR내부 0.0163
[10-08 00:31:35] 과제 9 seed 46 conditional_mixed quick_10ep: 손실 1.007 (0-예측 1.008, 독립 3.344) C2ST 0.890 TSTR내부 0.0130
[10-08 00:31:43] 과제 9 seed 46 conditional_mixed full_200ep: 손실 0.798 (0-예측 1.008, 독립 3.344) C2ST 0.866 TSTR내부 0.0143
[10-08 00:31:43] 끝
