C:\Users\taeyoon\Desktop\김태윤_석사\pythonproject_tabddpm\.venv_gpu\Lib\site-packages\torch\cuda\__init__.py:65: FutureWarning: The pynvml package is deprecated. Please install nvidia-ml-py instead. If you did not install pynvml directly, please report this to the maintainers of the package that installed pynvml for you.
  import pynvml  # type: ignore[import]
[11:28:54] 표현: train (457163, 1483), val (80199, 1483)
[11:28:54] === 과제 0 ===
[11:28:54] 학습 불량 151, 검증 불량 67, 학습 정상 4563, 특징 169, 합성 500
[11:29:00] 보관 생성기: 학습 4.6초, 검증 손실 {'model': 1.0442674086517763, 'zero': 1.0066902142452034, 'gauss_indep': 3.8123863278835115}
[11:35:41] 고친 생성기: 학습 397.6초, 검증 손실 {'model': 1.1278430858202055, 'zero': 1.0066902142452034, 'gauss_indep': 1.9904260996699197}
C:\Users\taeyoon\Desktop\김태윤_석사\pythonproject_tabddpm\.venv_gpu\Lib\site-packages\sklearn\utils\validation.py:2691: UserWarning: X does not have valid feature names, but LGBMClassifier was fitted with feature names
  warnings.warn(
C:\Users\taeyoon\Desktop\김태윤_석사\pythonproject_tabddpm\.venv_gpu\Lib\site-packages\sklearn\utils\validation.py:2691: UserWarning: X does not have valid feature names, but LGBMClassifier was fitted with feature names
  warnings.warn(
C:\Users\taeyoon\Desktop\김태윤_석사\pythonproject_tabddpm\.venv_gpu\Lib\site-packages\sklearn\utils\validation.py:2691: UserWarning: X does not have valid feature names, but LGBMClassifier was fitted with feature names
  warnings.warn(
C:\Users\taeyoon\Desktop\김태윤_석사\pythonproject_tabddpm\.venv_gpu\Lib\site-packages\numpy\lib\_function_base_impl.py:3065: RuntimeWarning: invalid value encountered in divide
  c /= stddev[:, None]
C:\Users\taeyoon\Desktop\김태윤_석사\pythonproject_tabddpm\.venv_gpu\Lib\site-packages\numpy\lib\_function_base_impl.py:3066: RuntimeWarning: invalid value encountered in divide
  c /= stddev[None, :]
[11:35:53]   archived_raw: 판별AUC(학습) 0.9995, 판별AUC(검증) 1.0000, TSTR 0.4363, KS 0.1570, 상관오차 0.962, DCR비 1.187
C:\Users\taeyoon\Desktop\김태윤_석사\pythonproject_tabddpm\.venv_gpu\Lib\site-packages\sklearn\utils\validation.py:2691: UserWarning: X does not have valid feature names, but LGBMClassifier was fitted with feature names
  warnings.warn(
C:\Users\taeyoon\Desktop\김태윤_석사\pythonproject_tabddpm\.venv_gpu\Lib\site-packages\sklearn\utils\validation.py:2691: UserWarning: X does not have valid feature names, but LGBMClassifier was fitted with feature names
  warnings.warn(
C:\Users\taeyoon\Desktop\김태윤_석사\pythonproject_tabddpm\.venv_gpu\Lib\site-packages\sklearn\utils\validation.py:2691: UserWarning: X does not have valid feature names, but LGBMClassifier was fitted with feature names
  warnings.warn(
C:\Users\taeyoon\Desktop\김태윤_석사\pythonproject_tabddpm\.venv_gpu\Lib\site-packages\numpy\lib\_function_base_impl.py:3065: RuntimeWarning: invalid value encountered in divide
  c /= stddev[:, None]
C:\Users\taeyoon\Desktop\김태윤_석사\pythonproject_tabddpm\.venv_gpu\Lib\site-packages\numpy\lib\_function_base_impl.py:3066: RuntimeWarning: invalid value encountered in divide
  c /= stddev[None, :]
[11:36:05]   archived_postprocessed: 판별AUC(학습) 1.0000, 판별AUC(검증) 1.0000, TSTR 0.3245, KS 0.1425, 상관오차 1.244, DCR비 0.879
C:\Users\taeyoon\Desktop\김태윤_석사\pythonproject_tabddpm\.venv_gpu\Lib\site-packages\sklearn\utils\validation.py:2691: UserWarning: X does not have valid feature names, but LGBMClassifier was fitted with feature names
  warnings.warn(
C:\Users\taeyoon\Desktop\김태윤_석사\pythonproject_tabddpm\.venv_gpu\Lib\site-packages\sklearn\utils\validation.py:2691: UserWarning: X does not have valid feature names, but LGBMClassifier was fitted with feature names
  warnings.warn(
C:\Users\taeyoon\Desktop\김태윤_석사\pythonproject_tabddpm\.venv_gpu\Lib\site-packages\sklearn\utils\validation.py:2691: UserWarning: X does not have valid feature names, but LGBMClassifier was fitted with feature names
  warnings.warn(
C:\Users\taeyoon\Desktop\김태윤_석사\pythonproject_tabddpm\.venv_gpu\Lib\site-packages\numpy\lib\_function_base_impl.py:3065: RuntimeWarning: invalid value encountered in divide
  c /= stddev[:, None]
C:\Users\taeyoon\Desktop\김태윤_석사\pythonproject_tabddpm\.venv_gpu\Lib\site-packages\numpy\lib\_function_base_impl.py:3066: RuntimeWarning: invalid value encountered in divide
  c /= stddev[None, :]
[11:36:17]   v2_raw: 판별AUC(학습) 0.7324, 판별AUC(검증) 1.0000, TSTR 0.2135, KS 0.1421, 상관오차 1.071, DCR비 0.265
C:\Users\taeyoon\Desktop\김태윤_석사\pythonproject_tabddpm\.venv_gpu\Lib\site-packages\sklearn\utils\validation.py:2691: UserWarning: X does not have valid feature names, but LGBMClassifier was fitted with feature names
  warnings.warn(
C:\Users\taeyoon\Desktop\김태윤_석사\pythonproject_tabddpm\.venv_gpu\Lib\site-packages\sklearn\utils\validation.py:2691: UserWarning: X does not have valid feature names, but LGBMClassifier was fitted with feature names
  warnings.warn(
C:\Users\taeyoon\Desktop\김태윤_석사\pythonproject_tabddpm\.venv_gpu\Lib\site-packages\sklearn\utils\validation.py:2691: UserWarning: X does not have valid feature names, but LGBMClassifier was fitted with feature names
  warnings.warn(
C:\Users\taeyoon\Desktop\김태윤_석사\pythonproject_tabddpm\.venv_gpu\Lib\site-packages\numpy\lib\_function_base_impl.py:3065: RuntimeWarning: invalid value encountered in divide
  c /= stddev[:, None]
C:\Users\taeyoon\Desktop\김태윤_석사\pythonproject_tabddpm\.venv_gpu\Lib\site-packages\numpy\lib\_function_base_impl.py:3066: RuntimeWarning: invalid value encountered in divide
  c /= stddev[None, :]
[11:36:29]   v2_postprocessed: 판별AUC(학습) 0.7300, 판별AUC(검증) 1.0000, TSTR 0.2247, KS 0.1425, 상관오차 1.340, DCR비 0.377
C:\Users\taeyoon\Desktop\김태윤_석사\pythonproject_tabddpm\.venv_gpu\Lib\site-packages\sklearn\utils\validation.py:2691: UserWarning: X does not have valid feature names, but LGBMClassifier was fitted with feature names
  warnings.warn(
C:\Users\taeyoon\Desktop\김태윤_석사\pythonproject_tabddpm\.venv_gpu\Lib\site-packages\sklearn\utils\validation.py:2691: UserWarning: X does not have valid feature names, but LGBMClassifier was fitted with feature names
  warnings.warn(
C:\Users\taeyoon\Desktop\김태윤_석사\pythonproject_tabddpm\.venv_gpu\Lib\site-packages\sklearn\utils\validation.py:2691: UserWarning: X does not have valid feature names, but LGBMClassifier was fitted with feature names
  warnings.warn(
C:\Users\taeyoon\Desktop\김태윤_석사\pythonproject_tabddpm\.venv_gpu\Lib\site-packages\numpy\lib\_function_base_impl.py:3065: RuntimeWarning: invalid value encountered in divide
  c /= stddev[:, None]
C:\Users\taeyoon\Desktop\김태윤_석사\pythonproject_tabddpm\.venv_gpu\Lib\site-packages\numpy\lib\_function_base_impl.py:3066: RuntimeWarning: invalid value encountered in divide
  c /= stddev[None, :]
[11:36:43]   기준(실제 학습 불량): 판별AUC(검증) 1.0000, TSTR 0.1673, KS 0.1426, 상관오차 1.088
[11:36:43] === 과제 5 ===
[11:36:45] 학습 불량 730, 검증 불량 63, 학습 정상 22277, 특징 157, 합성 1460
[11:36:50] 보관 생성기: 학습 4.7초, 검증 손실 {'model': 1.0159801158802826, 'zero': 1.005632907480601, 'gauss_indep': 3.751813517338995}
