[10-07 13:58:54] 과제 7 seed 42: 학습 62750(불량 1565), 특징 549
[10-07 14:01:17]   기준선 15개 끝
[10-07 14:10:43]   격자 A positive_only: 생성기 378.8초 (최적 11500/13500 단계), 떼어 둔 불량 손실 연속 0.052/독립 0.205, 이진 0.026/주변 0.104, C2ST 0.915, TSTR내부 0.1389/0.2691
[10-07 14:18:03]   격자 A conditional_mixed: 생성기 246.9초 (최적 7000/9000 단계), 떼어 둔 불량 손실 연속 0.047/독립 0.209, 이진 0.012/주변 0.075, C2ST 0.968, TSTR내부 0.1086/0.2839
[10-07 14:23:04]   격자 B positive_only: 생성기 378.8초 (최적 11500/13500 단계), 떼어 둔 불량 손실 연속 0.052/독립 0.205, 이진 0.026/주변 0.104, C2ST 0.829, TSTR내부 0.1477/0.2691
[10-07 14:23:04] 과제 7 seed 42: 끝 (24.2분)
[10-07 14:23:06] 과제 7 seed 43: 학습 62750(불량 1565), 특징 549
[10-07 14:25:29]   기준선 15개 끝
[10-07 14:33:23]   격자 A positive_only: 생성기 281.5초 (최적 8000/10000 단계), 떼어 둔 불량 손실 연속 0.050/독립 0.207, 이진 0.017/주변 0.110, C2ST 0.944, TSTR내부 0.1207/0.2382
[10-07 14:41:42]   격자 A conditional_mixed: 생성기 305.6초 (최적 9000/11000 단계), 떼어 둔 불량 손실 연속 0.046/독립 0.208, 이진 0.011/주변 0.079, C2ST 0.950, TSTR내부 0.0853/0.2354
[10-07 14:46:49]   격자 B positive_only: 생성기 281.5초 (최적 8000/10000 단계), 떼어 둔 불량 손실 연속 0.050/독립 0.207, 이진 0.017/주변 0.110, C2ST 0.909, TSTR내부 0.1746/0.2382
[10-07 14:46:49] 과제 7 seed 43: 끝 (23.7분)
[10-07 14:46:50] 과제 7 seed 44: 학습 62750(불량 1565), 특징 549
[10-07 14:49:13]   기준선 15개 끝
[10-07 14:57:27]   격자 A positive_only: 생성기 303.7초 (최적 9000/11000 단계), 떼어 둔 불량 손실 연속 0.050/독립 0.205, 이진 0.021/주변 0.101, C2ST 0.928, TSTR내부 0.1205/0.2245
[10-07 15:06:21]   격자 A conditional_mixed: 생성기 331.2초 (최적 9750/11750 단계), 떼어 둔 불량 손실 연속 0.048/독립 0.209, 이진 0.011/주변 0.081, C2ST 0.944, TSTR내부 0.1060/0.2869
[10-07 15:11:22]   격자 B positive_only: 생성기 303.7초 (최적 9000/11000 단계), 떼어 둔 불량 손실 연속 0.050/독립 0.205, 이진 0.021/주변 0.101, C2ST 0.853, TSTR내부 0.1424/0.2245
[10-07 15:11:23] 과제 7 seed 44: 끝 (24.6분)
[10-07 15:11:24] 과제 7 seed 45: 학습 62750(불량 1565), 특징 549
[10-07 15:13:47]   기준선 15개 끝
[10-07 15:21:57]   격자 A positive_only: 생성기 299.4초 (최적 9000/11000 단계), 떼어 둔 불량 손실 연속 0.054/독립 0.206, 이진 0.019/주변 0.110, C2ST 0.935, TSTR내부 0.1450/0.2603
[10-07 15:30:22]   격자 A conditional_mixed: 생성기 322.9초 (최적 9500/11500 단계), 떼어 둔 불량 손실 연속 0.054/독립 0.209, 이진 0.012/주변 0.079, C2ST 0.948, TSTR내부 0.1149/0.2933
[10-07 15:35:34]   격자 B positive_only: 생성기 299.4초 (최적 9000/11000 단계), 떼어 둔 불량 손실 연속 0.054/독립 0.206, 이진 0.019/주변 0.110, C2ST 0.874, TSTR내부 0.1611/0.2603
[10-07 15:35:35] 과제 7 seed 45: 끝 (24.2분)
[10-07 15:35:36] 과제 7 seed 46: 학습 62750(불량 1565), 특징 549
[10-07 15:37:57]   기준선 15개 끝
[10-07 15:49:08]   격자 A positive_only: 생성기 479.9초 (최적 15250/17250 단계), 떼어 둔 불량 손실 연속 0.034/독립 0.205, 이진 0.012/주변 0.116, C2ST 0.898, TSTR내부 0.1482/0.2864
[10-07 16:02:41]   격자 A conditional_mixed: 생성기 602.7초 (최적 19750/21750 단계), 떼어 둔 불량 손실 연속 0.060/독립 0.207, 이진 0.012/주변 0.083, C2ST 0.926, TSTR내부 0.0877/0.2370
[10-07 16:07:41]   격자 B positive_only: 생성기 479.9초 (최적 15250/17250 단계), 떼어 둔 불량 손실 연속 0.034/독립 0.205, 이진 0.012/주변 0.116, C2ST 0.830, TSTR내부 0.1759/0.2864
[10-07 16:07:41] 과제 7 seed 46: 끝 (32.1분)
[10-07 16:07:43] 과제 2 seed 42: 학습 62068(불량 1766), 특징 355
[10-07 16:09:48]   기준선 15개 끝
[10-07 16:18:13]   격자 A positive_only: 생성기 338.3초 (최적 10250/12250 단계), 떼어 둔 불량 손실 연속 0.041/독립 0.214, 이진 0.018/주변 0.138, C2ST 0.903, TSTR내부 0.0689/0.2240
[10-07 16:26:18]   격자 A conditional_mixed: 생성기 296.3초 (최적 8750/10750 단계), 떼어 둔 불량 손실 연속 0.052/독립 0.216, 이진 0.013/주변 0.098, C2ST 0.916, TSTR내부 0.0499/0.1815
[10-07 16:31:23]   격자 B positive_only: 생성기 338.3초 (최적 10250/12250 단계), 떼어 둔 불량 손실 연속 0.041/독립 0.214, 이진 0.018/주변 0.138, C2ST 0.817, TSTR내부 0.0646/0.2240
[10-07 16:31:23] 과제 2 seed 42: 끝 (23.7분)
[10-07 16:31:24] 과제 2 seed 43: 학습 62068(불량 1766), 특징 355
[10-07 16:33:36]   기준선 15개 끝
[10-07 16:44:52]   격자 A positive_only: 생성기 508.9초 (최적 16750/18750 단계), 떼어 둔 불량 손실 연속 0.039/독립 0.213, 이진 0.015/주변 0.139, C2ST 0.860, TSTR내부 0.0786/0.2029
[10-07 16:53:41]   격자 A conditional_mixed: 생성기 341.3초 (최적 10500/12500 단계), 떼어 둔 불량 손실 연속 0.046/독립 0.215, 이진 0.012/주변 0.090, C2ST 0.913, TSTR내부 0.0485/0.1881
[10-07 16:58:20]   격자 B positive_only: 생성기 508.9초 (최적 16750/18750 단계), 떼어 둔 불량 손실 연속 0.039/독립 0.213, 이진 0.015/주변 0.139, C2ST 0.730, TSTR내부 0.0945/0.2029
[10-07 16:58:20] 과제 2 seed 43: 끝 (26.9분)
[10-07 16:58:21] 과제 2 seed 44: 학습 62068(불량 1766), 특징 355
[10-07 17:00:33]   기준선 15개 끝
[10-07 17:10:29]   격자 A positive_only: 생성기 407.2초 (최적 12750/14750 단계), 떼어 둔 불량 손실 연속 0.042/독립 0.211, 이진 0.021/주변 0.156, C2ST 0.889, TSTR내부 0.0756/0.2052
[10-07 17:21:00]   격자 A conditional_mixed: 생성기 463.7초 (최적 15250/17250 단계), 떼어 둔 불량 손실 연속 0.040/독립 0.216, 이진 0.012/주변 0.102, C2ST 0.886, TSTR내부 0.0458/0.1848
[10-07 17:25:17]   격자 B positive_only: 생성기 407.2초 (최적 12750/14750 단계), 떼어 둔 불량 손실 연속 0.042/독립 0.211, 이진 0.021/주변 0.156, C2ST 0.788, TSTR내부 0.0751/0.2052
[10-07 17:25:17] 과제 2 seed 44: 끝 (27.0분)
[10-07 17:25:18] 과제 2 seed 45: 학습 62068(불량 1766), 특징 355
[10-07 17:27:17]   기준선 15개 끝
[10-07 17:37:30]   격자 A positive_only: 생성기 447.2초 (최적 15250/17250 단계), 떼어 둔 불량 손실 연속 0.042/독립 0.213, 이진 0.020/주변 0.159, C2ST 0.878, TSTR내부 0.0808/0.1910
[10-07 17:52:18]   격자 A conditional_mixed: 생성기 712.1초 (최적 25750/27750 단계), 떼어 둔 불량 손실 연속 0.036/독립 0.215, 이진 0.014/주변 0.089, C2ST 0.835, TSTR내부 0.0710/0.2023
[10-07 17:56:48]   격자 B positive_only: 생성기 447.2초 (최적 15250/17250 단계), 떼어 둔 불량 손실 연속 0.042/독립 0.213, 이진 0.020/주변 0.159, C2ST 0.770, TSTR내부 0.0689/0.1910
[10-07 17:56:48] 과제 2 seed 45: 끝 (31.5분)
[10-07 17:56:49] 과제 2 seed 46: 학습 62068(불량 1766), 특징 355
[10-07 17:58:48]   기준선 15개 끝
[10-07 18:06:17]   격자 A positive_only: 생성기 287.2초 (최적 9500/11500 단계), 떼어 둔 불량 손실 연속 0.057/독립 0.215, 이진 0.025/주변 0.147, C2ST 0.900, TSTR내부 0.0672/0.2048
[10-07 18:17:32]   격자 A conditional_mixed: 생성기 512.6초 (최적 18000/20000 단계), 떼어 둔 불량 손실 연속 0.041/독립 0.216, 이진 0.010/주변 0.099, C2ST 0.900, TSTR내부 0.0478/0.2011
[10-07 18:22:09]   격자 B positive_only: 생성기 287.2초 (최적 9500/11500 단계), 떼어 둔 불량 손실 연속 0.057/독립 0.215, 이진 0.025/주변 0.147, C2ST 0.867, TSTR내부 0.0644/0.2048
[10-07 18:22:09] 과제 2 seed 46: 끝 (25.3분)
[10-07 18:22:11] 과제 6 seed 42: 학습 43809(불량 1695), 특징 420
[10-07 18:23:57]   기준선 15개 끝
[10-07 18:31:38]   격자 A positive_only: 생성기 303.3초 (최적 10000/12000 단계), 떼어 둔 불량 손실 연속 0.048/독립 0.214, 이진 0.017/주변 0.101, C2ST 0.890, TSTR내부 0.2091/0.4135
[10-07 18:37:49]   격자 A conditional_mixed: 생성기 210.6초 (최적 6000/8000 단계), 떼어 둔 불량 손실 연속 0.058/독립 0.221, 이진 0.011/주변 0.064, C2ST 0.954, TSTR내부 0.1059/0.3474
[10-07 18:42:01]   격자 B positive_only: 생성기 303.3초 (최적 10000/12000 단계), 떼어 둔 불량 손실 연속 0.048/독립 0.214, 이진 0.017/주변 0.101, C2ST 0.860, TSTR내부 0.2058/0.4135
[10-07 18:42:01] 과제 6 seed 42: 끝 (19.9분)
[10-07 18:42:02] 과제 6 seed 43: 학습 43809(불량 1695), 특징 420
[10-07 18:44:03]   기준선 15개 끝
[10-07 18:52:57]   격자 A positive_only: 생성기 386.1초 (최적 13500/15500 단계), 떼어 둔 불량 손실 연속 0.047/독립 0.213, 이진 0.020/주변 0.109, C2ST 0.907, TSTR내부 0.1621/0.3551
[10-07 19:05:19]   격자 A conditional_mixed: 생성기 587.2초 (최적 21000/23000 단계), 떼어 둔 불량 손실 연속 0.048/독립 0.219, 이진 0.012/주변 0.078, C2ST 0.914, TSTR내부 0.1238/0.3761
[10-07 19:09:24]   격자 B positive_only: 생성기 386.1초 (최적 13500/15500 단계), 떼어 둔 불량 손실 연속 0.047/독립 0.213, 이진 0.020/주변 0.109, C2ST 0.795, TSTR내부 0.1817/0.3551
[10-07 19:09:24] 과제 6 seed 43: 끝 (27.4분)
[10-07 19:09:25] 과제 6 seed 44: 학습 43809(불량 1695), 특징 420
[10-07 19:11:11]   기준선 15개 끝
[10-07 19:17:31]   격자 A positive_only: 생성기 226.8초 (최적 7000/9000 단계), 떼어 둔 불량 손실 연속 0.058/독립 0.214, 이진 0.018/주변 0.100, C2ST 0.923, TSTR내부 0.1516/0.3279
[10-07 19:30:02]   격자 A conditional_mixed: 생성기 593.2초 (최적 21500/23500 단계), 떼어 둔 불량 손실 연속 0.046/독립 0.222, 이진 0.010/주변 0.067, C2ST 0.892, TSTR내부 0.1394/0.4071
[10-07 19:34:09]   격자 B positive_only: 생성기 226.8초 (최적 7000/9000 단계), 떼어 둔 불량 손실 연속 0.058/독립 0.214, 이진 0.018/주변 0.100, C2ST 0.891, TSTR내부 0.1432/0.3279
[10-07 19:34:09] 과제 6 seed 44: 끝 (24.8분)
[10-07 19:34:10] 과제 6 seed 45: 학습 43809(불량 1695), 특징 420
[10-07 19:36:06]   기준선 15개 끝
[10-07 19:43:19]   격자 A positive_only: 생성기 278.6초 (최적 9250/11250 단계), 떼어 둔 불량 손실 연속 0.053/독립 0.214, 이진 0.015/주변 0.105, C2ST 0.931, TSTR내부 0.1499/0.3799
[10-07 19:52:18]   격자 A conditional_mixed: 생성기 379.1초 (최적 13000/15000 단계), 떼어 둔 불량 손실 연속 0.053/독립 0.220, 이진 0.010/주변 0.067, C2ST 0.907, TSTR내부 0.1291/0.3579
[10-07 19:56:26]   격자 B positive_only: 생성기 278.6초 (최적 9250/11250 단계), 떼어 둔 불량 손실 연속 0.053/독립 0.214, 이진 0.015/주변 0.105, C2ST 0.861, TSTR내부 0.1780/0.3799
[10-07 19:56:26] 과제 6 seed 45: 끝 (22.3분)
[10-07 19:56:27] 과제 6 seed 46: 학습 43809(불량 1695), 특징 420
[10-07 19:58:13]   기준선 15개 끝
[10-07 20:04:10]   격자 A positive_only: 생성기 203.3초 (최적 6250/8250 단계), 떼어 둔 불량 손실 연속 0.062/독립 0.215, 이진 0.018/주변 0.105, C2ST 0.928, TSTR내부 0.1641/0.4396
[10-07 20:15:56]   격자 A conditional_mixed: 생성기 543.5초 (최적 18750/20750 단계), 떼어 둔 불량 손실 연속 0.053/독립 0.221, 이진 0.008/주변 0.070, C2ST 0.893, TSTR내부 0.1108/0.3949
[10-07 20:20:11]   격자 B positive_only: 생성기 203.3초 (최적 6250/8250 단계), 떼어 둔 불량 손실 연속 0.062/독립 0.215, 이진 0.018/주변 0.105, C2ST 0.891, TSTR내부 0.2207/0.4396
[10-07 20:20:11] 과제 6 seed 46: 끝 (23.8분)
[10-07 20:20:12] 과제 1 seed 42: 학습 22059(불량 584), 특징 299
[10-07 20:21:51]   기준선 15개 끝
[10-07 20:26:33]   격자 A positive_only: 생성기 174.4초 (최적 4500/6500 단계), 떼어 둔 불량 손실 연속 0.084/독립 0.218, 이진 0.026/주변 0.203, C2ST 0.900, TSTR내부 0.2630/0.3660
[10-07 20:35:21]   격자 A conditional_mixed: 생성기 414.9초 (최적 14250/16250 단계), 떼어 둔 불량 손실 연속 0.077/독립 0.221, 이진 0.015/주변 0.148, C2ST 0.785, TSTR내부 0.2447/0.4083
[10-07 20:38:35]   격자 B positive_only: 생성기 174.4초 (최적 4500/6500 단계), 떼어 둔 불량 손실 연속 0.084/독립 0.218, 이진 0.026/주변 0.203, C2ST 0.746, TSTR내부 0.3460/0.3660
[10-07 20:38:35] 과제 1 seed 42: 끝 (18.4분)
[10-07 20:38:35] 과제 1 seed 43: 학습 22059(불량 584), 특징 299
[10-07 20:39:58]   기준선 15개 끝
[10-07 20:44:33]   격자 A positive_only: 생성기 169.9초 (최적 4750/6750 단계), 떼어 둔 불량 손실 연속 0.086/독립 0.218, 이진 0.030/주변 0.208, C2ST 0.882, TSTR내부 0.2425/0.3858
[10-07 20:51:47]   격자 A conditional_mixed: 생성기 323.8초 (최적 10250/12250 단계), 떼어 둔 불량 손실 연속 0.058/독립 0.218, 이진 0.016/주변 0.148, C2ST 0.823, TSTR내부 0.2647/0.3490
[10-07 20:54:36]   격자 B positive_only: 생성기 169.9초 (최적 4750/6750 단계), 떼어 둔 불량 손실 연속 0.086/독립 0.218, 이진 0.030/주변 0.208, C2ST 0.721, TSTR내부 0.3479/0.3858
[10-07 20:54:36] 과제 1 seed 43: 끝 (16.0분)
[10-07 20:54:36] 과제 1 seed 44: 학습 22059(불량 584), 특징 299
[10-07 20:56:05]   기준선 15개 끝
[10-07 21:00:22]   격자 A positive_only: 생성기 148.1초 (최적 4000/6000 단계), 떼어 둔 불량 손실 연속 0.086/독립 0.215, 이진 0.029/주변 0.205, C2ST 0.869, TSTR내부 0.2202/0.3794
[10-07 21:10:51]   격자 A conditional_mixed: 생성기 518.0초 (최적 17500/19500 단계), 떼어 둔 불량 손실 연속 0.062/독립 0.219, 이진 0.015/주변 0.129, C2ST 0.827, TSTR내부 0.2437/0.4437
[10-07 21:13:26]   격자 B positive_only: 생성기 148.1초 (최적 4000/6000 단계), 떼어 둔 불량 손실 연속 0.086/독립 0.215, 이진 0.029/주변 0.205, C2ST 0.767, TSTR내부 0.3182/0.3794
[10-07 21:13:26] 과제 1 seed 44: 끝 (18.8분)
[10-07 21:13:26] 과제 1 seed 45: 학습 22059(불량 584), 특징 299
[10-07 21:14:49]   기준선 15개 끝
[10-07 21:19:44]   격자 A positive_only: 생성기 186.4초 (최적 5000/7000 단계), 떼어 둔 불량 손실 연속 0.085/독립 0.216, 이진 0.023/주변 0.189, C2ST 0.853, TSTR내부 0.2898/0.4182
[10-07 21:30:24]   격자 A conditional_mixed: 생성기 532.4초 (최적 18500/20500 단계), 떼어 둔 불량 손실 연속 0.065/독립 0.222, 이진 0.015/주변 0.146, C2ST 0.820, TSTR내부 0.2553/0.3471
[10-07 21:33:17]   격자 B positive_only: 생성기 186.4초 (최적 5000/7000 단계), 떼어 둔 불량 손실 연속 0.085/독립 0.216, 이진 0.023/주변 0.189, C2ST 0.729, TSTR내부 0.3884/0.4182
[10-07 21:33:17] 과제 1 seed 45: 끝 (19.9분)
[10-07 21:33:18] 과제 1 seed 46: 학습 22059(불량 584), 특징 299
[10-07 21:34:47]   기준선 15개 끝
[10-07 21:39:04]   격자 A positive_only: 생성기 154.6초 (최적 3750/5750 단계), 떼어 둔 불량 손실 연속 0.083/독립 0.216, 이진 0.034/주변 0.211, C2ST 0.919, TSTR내부 0.2221/0.3622
[10-07 21:48:12]   격자 A conditional_mixed: 생성기 449.3초 (최적 15500/17500 단계), 떼어 둔 불량 손실 연속 0.065/독립 0.224, 이진 0.016/주변 0.141, C2ST 0.785, TSTR내부 0.2159/0.3404
[10-07 21:51:13]   격자 B positive_only: 생성기 154.6초 (최적 3750/5750 단계), 떼어 둔 불량 손실 연속 0.083/독립 0.216, 이진 0.034/주변 0.211, C2ST 0.781, TSTR내부 0.3288/0.3622
[10-07 21:51:14] 과제 1 seed 46: 끝 (17.9분)
[10-07 21:51:14] 과제 5 seed 42: 학습 23007(불량 730), 특징 157
[10-07 21:52:40]   기준선 15개 끝
[10-07 21:57:28]   격자 A positive_only: 생성기 180.3초 (최적 5000/7000 단계), 떼어 둔 불량 손실 연속 0.111/독립 0.231, 이진 0.027/주변 0.167, C2ST 0.844, TSTR내부 0.1667/0.3668
[10-07 22:04:48]   격자 A conditional_mixed: 생성기 332.8초 (최적 11000/13000 단계), 떼어 둔 불량 손실 연속 0.075/독립 0.236, 이진 0.011/주변 0.117, C2ST 0.751, TSTR내부 0.1657/0.4056
[10-07 22:07:39]   격자 B positive_only: 생성기 180.3초 (최적 5000/7000 단계), 떼어 둔 불량 손실 연속 0.111/독립 0.231, 이진 0.027/주변 0.167, C2ST 0.744, TSTR내부 0.1969/0.3668
[10-07 22:07:39] 과제 5 seed 42: 끝 (16.4분)
[10-07 22:07:39] 과제 5 seed 43: 학습 23007(불량 730), 특징 157
[10-07 22:09:05]   기준선 15개 끝
[10-07 22:13:25]   격자 A positive_only: 생성기 157.4초 (최적 4000/6000 단계), 떼어 둔 불량 손실 연속 0.081/독립 0.228, 이진 0.023/주변 0.175, C2ST 0.844, TSTR내부 0.1679/0.3732
[10-07 22:21:52]   격자 A conditional_mixed: 생성기 401.1초 (최적 13750/15750 단계), 떼어 둔 불량 손실 연속 0.071/독립 0.243, 이진 0.011/주변 0.108, C2ST 0.731, TSTR내부 0.1717/0.3661
[10-07 22:24:42]   격자 B positive_only: 생성기 157.4초 (최적 4000/6000 단계), 떼어 둔 불량 손실 연속 0.081/독립 0.228, 이진 0.023/주변 0.175, C2ST 0.790, TSTR내부 0.1740/0.3732
[10-07 22:24:43] 과제 5 seed 43: 끝 (17.1분)
[10-07 22:24:43] 과제 5 seed 44: 학습 23007(불량 730), 특징 157
[10-07 22:26:08]   기준선 15개 끝
[10-07 22:30:11]   격자 A positive_only: 생성기 139.6초 (최적 3500/5500 단계), 떼어 둔 불량 손실 연속 0.098/독립 0.239, 이진 0.020/주변 0.173, C2ST 0.879, TSTR내부 0.1640/0.3144
[10-07 22:34:32]   격자 A conditional_mixed: 생성기 194.3초 (최적 9000/11000 단계), 떼어 둔 불량 손실 연속 0.081/독립 0.237, 이진 0.016/주변 0.121, C2ST 0.798, TSTR내부 0.1371/0.3009
[10-07 22:36:16]   격자 B positive_only: 생성기 139.6초 (최적 3500/5500 단계), 떼어 둔 불량 손실 연속 0.098/독립 0.239, 이진 0.020/주변 0.173, C2ST 0.865, TSTR내부 0.1878/0.3144
[10-07 22:36:16] 과제 5 seed 44: 끝 (11.6분)
[10-07 22:36:16] 과제 5 seed 45: 학습 23007(불량 730), 특징 157
[10-07 22:37:06]   기준선 15개 끝
[10-07 22:39:47]   격자 A positive_only: 생성기 99.2초 (최적 3750/5750 단계), 떼어 둔 불량 손실 연속 0.098/독립 0.229, 이진 0.033/주변 0.150, C2ST 0.843, TSTR내부 0.2161/0.2820
[10-07 22:44:47]   격자 A conditional_mixed: 생성기 236.5초 (최적 11750/13750 단계), 떼어 둔 불량 손실 연속 0.073/독립 0.243, 이진 0.014/주변 0.106, C2ST 0.750, TSTR내부 0.1525/0.3075
[10-07 22:46:30]   격자 B positive_only: 생성기 99.2초 (최적 3750/5750 단계), 떼어 둔 불량 손실 연속 0.098/독립 0.229, 이진 0.033/주변 0.150, C2ST 0.849, TSTR내부 0.1847/0.2820
[10-07 22:46:30] 과제 5 seed 45: 끝 (10.2분)
[10-07 22:46:31] 과제 5 seed 46: 학습 23007(불량 730), 특징 157
[10-07 22:47:20]   기준선 15개 끝
[10-07 22:50:22]   격자 A positive_only: 생성기 120.2초 (최적 5000/7000 단계), 떼어 둔 불량 손실 연속 0.091/독립 0.235, 이진 0.023/주변 0.169, C2ST 0.810, TSTR내부 0.2055/0.3666
[10-07 22:55:17]   격자 A conditional_mixed: 생성기 231.8초 (최적 11500/13500 단계), 떼어 둔 불량 손실 연속 0.079/독립 0.239, 이진 0.022/주변 0.126, C2ST 0.726, TSTR내부 0.1860/0.3318
[10-07 22:57:00]   격자 B positive_only: 생성기 120.2초 (최적 5000/7000 단계), 떼어 둔 불량 손실 연속 0.091/독립 0.235, 이진 0.023/주변 0.169, C2ST 0.740, TSTR내부 0.2034/0.3666
[10-07 22:57:00] 과제 5 seed 46: 끝 (10.5분)
[10-07 22:57:00] 과제 8 seed 42: 이미 끝남, 건너뜀
[10-07 22:57:00] 과제 8 seed 43: 이미 끝남, 건너뜀
[10-07 22:57:00] 과제 8 seed 44: 이미 끝남, 건너뜀
[10-07 22:57:00] 과제 8 seed 45: 이미 끝남, 건너뜀
[10-07 22:57:00] 과제 8 seed 46: 이미 끝남, 건너뜀
[10-07 22:57:00] 전체 끝
