[10-07 13:58:29] 과제 10 seed 42: 학습 266230(불량 2798), 특징 561
[10-07 14:03:01]   기준선 15개 끝
[10-07 14:15:42]   격자 A positive_only: 생성기 417.0초 (최적 13250/15250 단계), 떼어 둔 불량 손실 연속 0.052/독립 0.212, 이진 0.014/주변 0.070, C2ST 1.000, TSTR내부 0.0365/0.2370
[10-07 14:29:35]   격자 A conditional_mixed: 생성기 463.7초 (최적 17000/19000 단계), 떼어 둔 불량 손실 연속 0.044/독립 0.216, 이진 0.011/주변 0.055, C2ST 1.000, TSTR내부 0.0352/0.2607
[10-07 14:40:01]   격자 B positive_only: 생성기 417.0초 (최적 13250/15250 단계), 떼어 둔 불량 손실 연속 0.052/독립 0.212, 이진 0.014/주변 0.070, C2ST 0.920, TSTR내부 0.1270/0.2370
[10-07 14:40:02] 과제 10 seed 42: 끝 (41.6분)
[10-07 14:40:10] 과제 10 seed 43: 학습 266230(불량 2798), 특징 561
[10-07 14:44:28]   기준선 15개 끝
[10-07 14:56:23]   격자 A positive_only: 생성기 377.9초 (최적 13000/15000 단계), 떼어 둔 불량 손실 연속 0.045/독립 0.210, 이진 0.018/주변 0.071, C2ST 1.000, TSTR내부 0.0391/0.2251
[10-07 15:06:39]   격자 A conditional_mixed: 생성기 269.4초 (최적 8000/10000 단계), 떼어 둔 불량 손실 연속 0.058/독립 0.217, 이진 0.014/주변 0.052, C2ST 1.000, TSTR내부 0.0355/0.2151
[10-07 15:17:02]   격자 B positive_only: 생성기 377.9초 (최적 13000/15000 단계), 떼어 둔 불량 손실 연속 0.045/독립 0.210, 이진 0.018/주변 0.071, C2ST 0.918, TSTR내부 0.1316/0.2251
[10-07 15:17:03] 과제 10 seed 43: 끝 (37.0분)
[10-07 15:17:08] 과제 10 seed 44: 학습 266230(불량 2798), 특징 561
[10-07 15:21:33]   기준선 15개 끝
[10-07 15:35:07]   격자 A positive_only: 생성기 459.5초 (최적 15250/17250 단계), 떼어 둔 불량 손실 연속 0.050/독립 0.211, 이진 0.013/주변 0.073, C2ST 1.000, TSTR내부 0.0474/0.2287
[10-07 15:48:13]   격자 A conditional_mixed: 생성기 449.3초 (최적 15000/17000 단계), 떼어 둔 불량 손실 연속 0.046/독립 0.214, 이진 0.014/주변 0.054, C2ST 1.000, TSTR내부 0.0418/0.2352
[10-07 15:58:38]   격자 B positive_only: 생성기 459.5초 (최적 15250/17250 단계), 떼어 둔 불량 손실 연속 0.050/독립 0.211, 이진 0.013/주변 0.073, C2ST 0.904, TSTR내부 0.1112/0.2287
[10-07 15:58:38] 과제 10 seed 44: 끝 (41.6분)
[10-07 15:58:44] 과제 10 seed 45: 학습 266230(불량 2798), 특징 561
[10-07 16:03:08]   기준선 15개 끝
[10-07 16:13:50]   격자 A positive_only: 생성기 266.5초 (최적 9000/11000 단계), 떼어 둔 불량 손실 연속 0.046/독립 0.210, 이진 0.015/주변 0.068, C2ST 0.979, TSTR내부 0.0674/0.2401
[10-07 16:25:33]   격자 A conditional_mixed: 생성기 372.4초 (최적 12250/14250 단계), 떼어 둔 불량 손실 연속 0.056/독립 0.216, 이진 0.011/주변 0.050, C2ST 1.000, TSTR내부 0.0366/0.2214
[10-07 16:35:56]   격자 B positive_only: 생성기 266.5초 (최적 9000/11000 단계), 떼어 둔 불량 손실 연속 0.046/독립 0.210, 이진 0.015/주변 0.068, C2ST 0.963, TSTR내부 0.1040/0.2401
[10-07 16:35:57] 과제 10 seed 45: 끝 (37.3분)
[10-07 16:36:02] 과제 10 seed 46: 학습 266230(불량 2798), 특징 561
[10-07 16:40:40]   기준선 15개 끝
[10-07 16:52:31]   격자 A positive_only: 생성기 375.4초 (최적 12500/14500 단계), 떼어 둔 불량 손실 연속 0.053/독립 0.210, 이진 0.017/주변 0.072, C2ST 1.000, TSTR내부 0.0466/0.2283
[10-07 17:05:53]   격자 A conditional_mixed: 생성기 473.1초 (최적 17500/19500 단계), 떼어 둔 불량 손실 연속 0.061/독립 0.215, 이진 0.010/주변 0.054, C2ST 1.000, TSTR내부 0.0449/0.2283
[10-07 17:16:13]   격자 B positive_only: 생성기 375.4초 (최적 12500/14500 단계), 떼어 둔 불량 손실 연속 0.053/독립 0.210, 이진 0.017/주변 0.072, C2ST 0.932, TSTR내부 0.1285/0.2283
[10-07 17:16:13] 과제 10 seed 46: 끝 (40.3분)
[10-07 17:16:15] 과제 9 seed 42: 학습 19957(불량 192), 특징 125
[10-07 17:17:47]   기준선 15개 끝
[10-07 17:21:11]   격자 A positive_only: 생성기 104.3초 (최적 2250/4250 단계), 떼어 둔 불량 손실 연속 0.195/독립 0.256, 이진 0.068/주변 0.225, C2ST 0.939, TSTR내부 0.0135/0.0896
[10-07 17:24:48]   격자 A conditional_mixed: 생성기 119.1초 (최적 3000/5000 단계), 떼어 둔 불량 손실 연속 0.160/독립 0.267, 이진 0.019/주변 0.194, C2ST 0.723, TSTR내부 0.0229/0.0165
[10-07 17:27:42]   격자 B positive_only: 생성기 104.3초 (최적 2250/4250 단계), 떼어 둔 불량 손실 연속 0.195/독립 0.256, 이진 0.068/주변 0.225, C2ST 0.613, TSTR내부 0.0638/0.0896
[10-07 17:27:42] 과제 9 seed 42: 끝 (11.5분)
[10-07 17:27:43] 과제 9 seed 43: 학습 19957(불량 192), 특징 125
[10-07 17:29:15]   기준선 15개 끝
[10-07 17:32:41]   격자 A positive_only: 생성기 113.5초 (최적 2250/4250 단계), 떼어 둔 불량 손실 연속 0.221/독립 0.263, 이진 0.067/주변 0.230, C2ST 0.946, TSTR내부 0.0156/0.0835
[10-07 17:36:14]   격자 A conditional_mixed: 생성기 121.4초 (최적 2500/4500 단계), 떼어 둔 불량 손실 연속 0.124/독립 0.251, 이진 0.022/주변 0.165, C2ST 0.743, TSTR내부 0.0466/0.0451
[10-07 17:39:06]   격자 B positive_only: 생성기 113.5초 (최적 2250/4250 단계), 떼어 둔 불량 손실 연속 0.221/독립 0.263, 이진 0.067/주변 0.230, C2ST 0.552, TSTR내부 0.0494/0.0835
[10-07 17:39:06] 과제 9 seed 43: 끝 (11.4분)
[10-07 17:39:06] 과제 9 seed 44: 학습 19957(불량 192), 특징 125
[10-07 17:40:38]   기준선 15개 끝
[10-07 17:43:57]   격자 A positive_only: 생성기 106.8초 (최적 2000/4000 단계), 떼어 둔 불량 손실 연속 0.246/독립 0.276, 이진 0.082/주변 0.254, C2ST 0.952, TSTR내부 0.0125/0.0343
[10-07 17:47:33]   격자 A conditional_mixed: 생성기 121.3초 (최적 2500/4500 단계), 떼어 둔 불량 손실 연속 0.145/독립 0.265, 이진 0.051/주변 0.254, C2ST 0.788, TSTR내부 0.0109/0.0289
[10-07 17:50:16]   격자 B positive_only: 생성기 106.8초 (최적 2000/4000 단계), 떼어 둔 불량 손실 연속 0.246/독립 0.276, 이진 0.082/주변 0.254, C2ST 0.575, TSTR내부 0.0421/0.0343
[10-07 17:50:17] 과제 9 seed 44: 끝 (11.2분)
[10-07 17:50:17] 과제 9 seed 45: 학습 19957(불량 192), 특징 125
[10-07 17:51:42]   기준선 15개 끝
[10-07 17:55:13]   격자 A positive_only: 생성기 110.6초 (최적 2500/4500 단계), 떼어 둔 불량 손실 연속 0.238/독립 0.263, 이진 0.052/주변 0.222, C2ST 0.957, TSTR내부 0.0176/0.0542
[10-07 17:58:58]   격자 A conditional_mixed: 생성기 124.3초 (최적 3250/5250 단계), 떼어 둔 불량 손실 연속 0.143/독립 0.269, 이진 0.032/주변 0.228, C2ST 0.806, TSTR내부 0.0152/0.1013
[10-07 18:01:50]   격자 B positive_only: 생성기 110.6초 (최적 2500/4500 단계), 떼어 둔 불량 손실 연속 0.238/독립 0.263, 이진 0.052/주변 0.222, C2ST 0.598, TSTR내부 0.0964/0.0542
[10-07 18:01:50] 과제 9 seed 45: 끝 (11.6분)
[10-07 18:01:50] 과제 9 seed 46: 학습 19957(불량 192), 특징 125
[10-07 18:03:22]   기준선 15개 끝
[10-07 18:06:51]   격자 A positive_only: 생성기 111.4초 (최적 2500/4500 단계), 떼어 둔 불량 손실 연속 0.180/독립 0.259, 이진 0.056/주변 0.227, C2ST 0.979, TSTR내부 0.0111/0.0708
[10-07 18:10:39]   격자 A conditional_mixed: 생성기 134.8초 (최적 3000/5000 단계), 떼어 둔 불량 손실 연속 0.141/독립 0.269, 이진 0.013/주변 0.209, C2ST 0.729, TSTR내부 0.0642/0.0875
[10-07 18:13:32]   격자 B positive_only: 생성기 111.4초 (최적 2500/4500 단계), 떼어 둔 불량 손실 연속 0.180/독립 0.259, 이진 0.056/주변 0.227, C2ST 0.581, TSTR내부 0.0303/0.0708
[10-07 18:13:33] 과제 9 seed 46: 끝 (11.7분)
[10-07 18:13:33] 과제 4 seed 42: 학습 7220(불량 169), 특징 200
[10-07 18:14:58]   기준선 15개 끝
[10-07 18:18:31]   격자 A positive_only: 생성기 124.2초 (최적 3250/5250 단계), 떼어 둔 불량 손실 연속 0.100/독립 0.216, 이진 0.057/주변 0.238, C2ST 0.857, TSTR내부 0.0567/0.2827
[10-07 18:22:57]   격자 A conditional_mixed: 생성기 183.0초 (최적 5500/7500 단계), 떼어 둔 불량 손실 연속 0.084/독립 0.220, 이진 0.032/주변 0.260, C2ST 0.692, TSTR내부 0.0854/0.1821
[10-07 18:25:29]   격자 B positive_only: 생성기 124.2초 (최적 3250/5250 단계), 떼어 둔 불량 손실 연속 0.100/독립 0.216, 이진 0.057/주변 0.238, C2ST 0.519, TSTR내부 0.2294/0.2827
[10-07 18:25:30] 과제 4 seed 42: 끝 (11.9분)
[10-07 18:25:30] 과제 4 seed 43: 학습 7220(불량 169), 특징 200
[10-07 18:26:53]   기준선 15개 끝
[10-07 18:30:50]   격자 A positive_only: 생성기 147.4초 (최적 3500/5500 단계), 떼어 둔 불량 손실 연속 0.090/독립 0.210, 이진 0.062/주변 0.229, C2ST 0.890, TSTR내부 0.1112/0.2656
[10-07 18:34:47]   격자 A conditional_mixed: 생성기 150.5초 (최적 3750/5750 단계), 떼어 둔 불량 손실 연속 0.084/독립 0.212, 이진 0.033/주변 0.202, C2ST 0.797, TSTR내부 0.1012/0.2756
[10-07 18:37:08]   격자 B positive_only: 생성기 147.4초 (최적 3500/5500 단계), 떼어 둔 불량 손실 연속 0.090/독립 0.210, 이진 0.062/주변 0.229, C2ST 0.546, TSTR내부 0.1855/0.2656
[10-07 18:37:08] 과제 4 seed 43: 끝 (11.6분)
[10-07 18:37:08] 과제 4 seed 44: 학습 7220(불량 169), 특징 200
[10-07 18:38:21]   기준선 15개 끝
[10-07 18:41:46]   격자 A positive_only: 생성기 120.2초 (최적 3000/5000 단계), 떼어 둔 불량 손실 연속 0.135/독립 0.217, 이진 0.065/주변 0.250, C2ST 0.842, TSTR내부 0.1038/0.2709
[10-07 18:46:04]   격자 A conditional_mixed: 생성기 174.0초 (최적 5250/7250 단계), 떼어 둔 불량 손실 연속 0.071/독립 0.216, 이진 0.022/주변 0.153, C2ST 0.618, TSTR내부 0.0864/0.2910
[10-07 18:48:36]   격자 B positive_only: 생성기 120.2초 (최적 3000/5000 단계), 떼어 둔 불량 손실 연속 0.135/독립 0.217, 이진 0.065/주변 0.250, C2ST 0.520, TSTR내부 0.2227/0.2709
[10-07 18:48:36] 과제 4 seed 44: 끝 (11.5분)
[10-07 18:48:36] 과제 4 seed 45: 학습 7220(불량 169), 특징 200
[10-07 18:49:59]   기준선 15개 끝
[10-07 18:53:18]   격자 A positive_only: 생성기 117.0초 (최적 2750/4750 단계), 떼어 둔 불량 손실 연속 0.121/독립 0.219, 이진 0.095/주변 0.302, C2ST 0.912, TSTR내부 0.0395/0.2401
[10-07 18:56:57]   격자 A conditional_mixed: 생성기 136.3초 (최적 3000/5000 단계), 떼어 둔 불량 손실 연속 0.092/독립 0.224, 이진 0.023/주변 0.149, C2ST 0.709, TSTR내부 0.0846/0.2244
[10-07 18:59:30]   격자 B positive_only: 생성기 117.0초 (최적 2750/4750 단계), 떼어 둔 불량 손실 연속 0.121/독립 0.219, 이진 0.095/주변 0.302, C2ST 0.548, TSTR내부 0.2258/0.2401
[10-07 18:59:30] 과제 4 seed 45: 끝 (10.9분)
[10-07 18:59:30] 과제 4 seed 46: 학습 7220(불량 169), 특징 200
[10-07 19:00:53]   기준선 15개 끝
[10-07 19:04:34]   격자 A positive_only: 생성기 136.9초 (최적 3250/5250 단계), 떼어 둔 불량 손실 연속 0.105/독립 0.216, 이진 0.066/주변 0.240, C2ST 0.876, TSTR내부 0.0469/0.1260
[10-07 19:08:32]   격자 A conditional_mixed: 생성기 151.8초 (최적 4250/6250 단계), 떼어 둔 불량 손실 연속 0.068/독립 0.221, 이진 0.033/주변 0.311, C2ST 0.751, TSTR내부 0.1153/0.3399
[10-07 19:10:59]   격자 B positive_only: 생성기 136.9초 (최적 3250/5250 단계), 떼어 둔 불량 손실 연속 0.105/독립 0.216, 이진 0.066/주변 0.240, C2ST 0.592, TSTR내부 0.1187/0.1260
[10-07 19:11:00] 과제 4 seed 46: 끝 (11.5분)
[10-07 19:11:00] 과제 0 seed 42: 학습 4714(불량 151), 특징 169
[10-07 19:12:12]   기준선 15개 끝
[10-07 19:15:19]   격자 A positive_only: 생성기 118.7초 (최적 2500/4500 단계), 떼어 둔 불량 손실 연속 0.188/독립 0.245, 이진 0.077/주변 0.247, C2ST 0.962, TSTR내부 0.4267/0.5910
[10-07 19:18:30]   격자 A conditional_mixed: 생성기 112.6초 (최적 2750/4750 단계), 떼어 둔 불량 손실 연속 0.134/독립 0.247, 이진 0.054/주변 0.156, C2ST 0.853, TSTR내부 0.5268/0.6437
[10-07 19:20:46]   격자 B positive_only: 생성기 118.7초 (최적 2500/4500 단계), 떼어 둔 불량 손실 연속 0.188/독립 0.245, 이진 0.077/주변 0.247, C2ST 0.517, TSTR내부 0.6164/0.5910
[10-07 19:20:46] 과제 0 seed 42: 끝 (9.8분)
[10-07 19:20:46] 과제 0 seed 43: 학습 4714(불량 151), 특징 169
[10-07 19:22:00]   기준선 15개 끝
[10-07 19:25:19]   격자 A positive_only: 생성기 125.4초 (최적 2750/4750 단계), 떼어 둔 불량 손실 연속 0.204/독립 0.239, 이진 0.064/주변 0.175, C2ST 0.929, TSTR내부 0.5399/0.5968
[10-07 19:28:52]   격자 A conditional_mixed: 생성기 142.4초 (최적 3250/5250 단계), 떼어 둔 불량 손실 연속 0.118/독립 0.242, 이진 0.022/주변 0.166, C2ST 0.850, TSTR내부 0.4022/0.6145
[10-07 19:30:55]   격자 B positive_only: 생성기 125.4초 (최적 2750/4750 단계), 떼어 둔 불량 손실 연속 0.204/독립 0.239, 이진 0.064/주변 0.175, C2ST 0.554, TSTR내부 0.6426/0.5968
[10-07 19:30:55] 과제 0 seed 43: 끝 (10.2분)
[10-07 19:30:55] 과제 0 seed 44: 학습 4714(불량 151), 특징 169
[10-07 19:31:56]   기준선 15개 끝
[10-07 19:34:56]   격자 A positive_only: 생성기 106.5초 (최적 2500/4500 단계), 떼어 둔 불량 손실 연속 0.206/독립 0.244, 이진 0.053/주변 0.161, C2ST 0.949, TSTR내부 0.4330/0.6383
[10-07 19:38:15]   격자 A conditional_mixed: 생성기 124.2초 (최적 3000/5000 단계), 떼어 둔 불량 손실 연속 0.122/독립 0.240, 이진 0.024/주변 0.136, C2ST 0.931, TSTR내부 0.3440/0.5918
[10-07 19:40:30]   격자 B positive_only: 생성기 106.5초 (최적 2500/4500 단계), 떼어 둔 불량 손실 연속 0.206/독립 0.244, 이진 0.053/주변 0.161, C2ST 0.618, TSTR내부 0.5836/0.6383
[10-07 19:40:30] 과제 0 seed 44: 끝 (9.6분)
[10-07 19:40:30] 과제 0 seed 45: 학습 4714(불량 151), 특징 169
[10-07 19:41:32]   기준선 15개 끝
[10-07 19:44:47]   격자 A positive_only: 생성기 119.6초 (최적 3000/5000 단계), 떼어 둔 불량 손실 연속 0.208/독립 0.245, 이진 0.052/주변 0.199, C2ST 0.857, TSTR내부 0.4992/0.6979
[10-07 19:48:03]   격자 A conditional_mixed: 생성기 122.1초 (최적 2500/4500 단계), 떼어 둔 불량 손실 연속 0.145/독립 0.251, 이진 0.085/주변 0.197, C2ST 0.828, TSTR내부 0.3397/0.6587
[10-07 19:50:10]   격자 B positive_only: 생성기 119.6초 (최적 3000/5000 단계), 떼어 둔 불량 손실 연속 0.208/독립 0.245, 이진 0.052/주변 0.199, C2ST 0.533, TSTR내부 0.6265/0.6979
[10-07 19:50:10] 과제 0 seed 45: 끝 (9.7분)
[10-07 19:50:10] 과제 0 seed 46: 학습 4714(불량 151), 특징 169
[10-07 19:51:07]   기준선 15개 끝
[10-07 19:54:17]   격자 A positive_only: 생성기 117.1초 (최적 2750/4750 단계), 떼어 둔 불량 손실 연속 0.162/독립 0.230, 이진 0.030/주변 0.170, C2ST 0.960, TSTR내부 0.5736/0.7527
[10-07 19:57:21]   격자 A conditional_mixed: 생성기 112.0초 (최적 2750/4750 단계), 떼어 둔 불량 손실 연속 0.129/독립 0.241, 이진 0.019/주변 0.145, C2ST 0.808, TSTR내부 0.4492/0.5693
[10-07 19:59:36]   격자 B positive_only: 생성기 117.1초 (최적 2750/4750 단계), 떼어 둔 불량 손실 연속 0.162/독립 0.230, 이진 0.030/주변 0.170, C2ST 0.592, TSTR내부 0.7837/0.7527
[10-07 19:59:36] 과제 0 seed 46: 끝 (9.4분)
[10-07 19:59:37] 과제 3 seed 42: 학습 19863(불량 383), 특징 257
[10-07 20:01:13]   기준선 15개 끝
[10-07 20:05:08]   격자 A positive_only: 생성기 129.4초 (최적 3250/5250 단계), 떼어 둔 불량 손실 연속 0.080/독립 0.225, 이진 0.033/주변 0.230, C2ST 0.933, TSTR내부 0.1664/0.2938
[10-07 20:11:03]   격자 A conditional_mixed: 생성기 252.2초 (최적 7250/9250 단계), 떼어 둔 불량 손실 연속 0.055/독립 0.229, 이진 0.022/주변 0.183, C2ST 0.863, TSTR내부 0.1471/0.3058
[10-07 20:13:58]   격자 B positive_only: 생성기 129.4초 (최적 3250/5250 단계), 떼어 둔 불량 손실 연속 0.080/독립 0.225, 이진 0.033/주변 0.230, C2ST 0.726, TSTR내부 0.2280/0.2938
[10-07 20:13:58] 과제 3 seed 42: 끝 (14.4분)
[10-07 20:13:59] 과제 3 seed 43: 학습 19863(불량 383), 특징 257
[10-07 20:15:25]   기준선 15개 끝
[10-07 20:19:45]   격자 A positive_only: 생성기 153.2초 (최적 4250/6250 단계), 떼어 둔 불량 손실 연속 0.085/독립 0.227, 이진 0.047/주변 0.227, C2ST 0.919, TSTR내부 0.2362/0.3440
[10-07 20:26:11]   격자 A conditional_mixed: 생성기 289.4초 (최적 9500/11500 단계), 떼어 둔 불량 손실 연속 0.049/독립 0.230, 이진 0.026/주변 0.174, C2ST 0.843, TSTR내부 0.1616/0.3288
[10-07 20:29:19]   격자 B positive_only: 생성기 153.2초 (최적 4250/6250 단계), 떼어 둔 불량 손실 연속 0.085/독립 0.227, 이진 0.047/주변 0.227, C2ST 0.704, TSTR내부 0.2886/0.3440
[10-07 20:29:20] 과제 3 seed 43: 끝 (15.4분)
[10-07 20:29:20] 과제 3 seed 44: 학습 19863(불량 383), 특징 257
[10-07 20:30:55]   기준선 15개 끝
[10-07 20:34:48]   격자 A positive_only: 생성기 141.8초 (최적 3250/5250 단계), 떼어 둔 불량 손실 연속 0.083/독립 0.226, 이진 0.046/주변 0.227, C2ST 0.928, TSTR내부 0.1546/0.3119
[10-07 20:40:12]   격자 A conditional_mixed: 생성기 221.3초 (최적 7500/9500 단계), 떼어 둔 불량 손실 연속 0.052/독립 0.232, 이진 0.022/주변 0.172, C2ST 0.821, TSTR내부 0.1238/0.2877
[10-07 20:43:08]   격자 B positive_only: 생성기 141.8초 (최적 3250/5250 단계), 떼어 둔 불량 손실 연속 0.083/독립 0.226, 이진 0.046/주변 0.227, C2ST 0.734, TSTR내부 0.3083/0.3119
[10-07 20:43:09] 과제 3 seed 44: 끝 (13.8분)
[10-07 20:43:09] 과제 3 seed 45: 학습 19863(불량 383), 특징 257
[10-07 20:44:33]   기준선 15개 끝
[10-07 20:48:36]   격자 A positive_only: 생성기 142.4초 (최적 3250/5250 단계), 떼어 둔 불량 손실 연속 0.077/독립 0.225, 이진 0.041/주변 0.229, C2ST 0.933, TSTR내부 0.1589/0.3278
[10-07 20:54:01]   격자 A conditional_mixed: 생성기 222.2초 (최적 7000/9000 단계), 떼어 둔 불량 손실 연속 0.070/독립 0.234, 이진 0.035/주변 0.209, C2ST 0.857, TSTR내부 0.1918/0.2516
[10-07 20:56:59]   격자 B positive_only: 생성기 142.4초 (최적 3250/5250 단계), 떼어 둔 불량 손실 연속 0.077/독립 0.225, 이진 0.041/주변 0.229, C2ST 0.711, TSTR내부 0.2621/0.3278
[10-07 20:56:59] 과제 3 seed 45: 끝 (13.8분)
[10-07 20:57:00] 과제 3 seed 46: 학습 19863(불량 383), 특징 257
[10-07 20:58:35]   기준선 15개 끝
[10-07 21:02:27]   격자 A positive_only: 생성기 131.4초 (최적 3500/5500 단계), 떼어 둔 불량 손실 연속 0.083/독립 0.224, 이진 0.043/주변 0.224, C2ST 0.939, TSTR내부 0.1433/0.3094
[10-07 21:10:06]   격자 A conditional_mixed: 생성기 358.4초 (최적 11250/13250 단계), 떼어 둔 불량 손실 연속 0.119/독립 0.237, 이진 0.027/주변 0.174, C2ST 0.817, TSTR내부 0.1373/0.2346
[10-07 21:12:57]   격자 B positive_only: 생성기 131.4초 (최적 3500/5500 단계), 떼어 둔 불량 손실 연속 0.083/독립 0.224, 이진 0.043/주변 0.224, C2ST 0.761, TSTR내부 0.1877/0.3094
[10-07 21:12:57] 과제 3 seed 46: 끝 (16.0분)
[10-07 21:12:57] 전체 끝
