[10-07 21:13:31] 과제 8 seed 42: 학습 18853(불량 546), 특징 220
[10-07 21:15:00]   기준선 15개 끝
[10-07 21:19:03]   격자 A positive_only: 생성기 144.9초 (최적 3250/5250 단계), 떼어 둔 불량 손실 연속 0.099/독립 0.230, 이진 0.027/주변 0.179, C2ST 0.917, TSTR내부 0.2800/0.5289
[10-07 21:25:15]   격자 A conditional_mixed: 생성기 270.7초 (최적 8000/10000 단계), 떼어 둔 불량 손실 연속 0.077/독립 0.249, 이진 0.018/주변 0.135, C2ST 0.883, TSTR내부 0.1757/0.5174
[10-07 21:28:14]   격자 B positive_only: 생성기 144.9초 (최적 3250/5250 단계), 떼어 둔 불량 손실 연속 0.099/독립 0.230, 이진 0.027/주변 0.179, C2ST 0.897, TSTR내부 0.3537/0.5289
[10-07 21:28:14] 과제 8 seed 42: 끝 (14.7분)
[10-07 21:28:15] 과제 8 seed 43: 학습 18853(불량 546), 특징 220
[10-07 21:29:38]   기준선 15개 끝
[10-07 21:33:43]   격자 A positive_only: 생성기 143.1초 (최적 3250/5250 단계), 떼어 둔 불량 손실 연속 0.084/독립 0.226, 이진 0.029/주변 0.173, C2ST 0.889, TSTR내부 0.3262/0.5957
[10-07 21:39:11]   격자 A conditional_mixed: 생성기 221.9초 (최적 6250/8250 단계), 떼어 둔 불량 손실 연속 0.070/독립 0.240, 이진 0.016/주변 0.147, C2ST 0.875, TSTR내부 0.2795/0.5919
[10-07 21:42:10]   격자 B positive_only: 생성기 143.1초 (최적 3250/5250 단계), 떼어 둔 불량 손실 연속 0.084/독립 0.226, 이진 0.029/주변 0.173, C2ST 0.836, TSTR내부 0.4657/0.5957
[10-07 21:42:10] 과제 8 seed 43: 끝 (13.9분)
[10-07 21:42:10] 과제 8 seed 44: 학습 18853(불량 546), 특징 220
[10-07 21:43:44]   기준선 15개 끝
[10-07 21:48:35]   격자 A positive_only: 생성기 189.1초 (최적 5000/7000 단계), 떼어 둔 불량 손실 연속 0.071/독립 0.223, 이진 0.033/주변 0.162, C2ST 0.845, TSTR내부 0.4036/0.6321
[10-07 21:54:58]   격자 A conditional_mixed: 생성기 281.2초 (최적 8500/10500 단계), 떼어 둔 불량 손실 연속 0.084/독립 0.249, 이진 0.027/주변 0.141, C2ST 0.831, TSTR내부 0.3522/0.5934
[10-07 21:57:54]   격자 B positive_only: 생성기 189.1초 (최적 5000/7000 단계), 떼어 둔 불량 손실 연속 0.071/독립 0.223, 이진 0.033/주변 0.162, C2ST 0.709, TSTR내부 0.4954/0.6321
[10-07 21:57:54] 과제 8 seed 44: 끝 (15.7분)
[10-07 21:57:54] 과제 8 seed 45: 학습 18853(불량 546), 특징 220
[10-07 21:59:27]   기준선 15개 끝
[10-07 22:03:25]   격자 A positive_only: 생성기 141.0초 (최적 3250/5250 단계), 떼어 둔 불량 손실 연속 0.102/독립 0.227, 이진 0.024/주변 0.178, C2ST 0.880, TSTR내부 0.4122/0.6110
[10-07 22:12:24]   격자 A conditional_mixed: 생성기 439.2초 (최적 14250/16250 단계), 떼어 둔 불량 손실 연속 0.063/독립 0.238, 이진 0.027/주변 0.172, C2ST 0.815, TSTR내부 0.3236/0.5728
[10-07 22:15:24]   격자 B positive_only: 생성기 141.0초 (최적 3250/5250 단계), 떼어 둔 불량 손실 연속 0.102/독립 0.227, 이진 0.024/주변 0.178, C2ST 0.792, TSTR내부 0.4991/0.6110
[10-07 22:15:24] 과제 8 seed 45: 끝 (17.5분)
[10-07 22:15:24] 과제 8 seed 46: 학습 18853(불량 546), 특징 220
[10-07 22:16:57]   기준선 15개 끝
[10-07 22:21:01]   격자 A positive_only: 생성기 147.6초 (최적 3500/5500 단계), 떼어 둔 불량 손실 연속 0.086/독립 0.228, 이진 0.025/주변 0.165, C2ST 0.926, TSTR내부 0.3431/0.5123
[10-07 22:27:35]   격자 A conditional_mixed: 생성기 296.7초 (최적 9000/11000 단계), 떼어 둔 불량 손실 연속 0.077/독립 0.243, 이진 0.021/주변 0.144, C2ST 0.993, TSTR내부 0.1592/0.5746
[10-07 22:30:27]   격자 B positive_only: 생성기 147.6초 (최적 3500/5500 단계), 떼어 둔 불량 손실 연속 0.086/독립 0.228, 이진 0.025/주변 0.165, C2ST 0.894, TSTR내부 0.4005/0.5123
[10-07 22:30:27] 과제 8 seed 46: 끝 (15.1분)
[10-07 22:30:27] 전체 끝
