[12:21:09] 과제 0 positive_only: 생성기 학습 121행 (불량 121), 떼어 둔 불량 30, 특징 169, 이진 특징 57, 합성 500
[12:22:51]   v21 학습 93.4초, 최적 단계 2500/4500, 떼어 둔 불량 손실 {'model': 0.164, 'zero': 1.005, 'gauss_indep': 0.248}
[12:23:08]   archived|clip          C2ST(떼어둔) 0.837±0.034  C2ST(학습) 0.982  KS 0.095  상관오차 0.957  DCR비 5.09  기억 0.000  TSTR내부 0.4038  상수화 21  이진중간값 0.0193
[12:23:14]   archived|noclip        C2ST(떼어둔) 0.831±0.059  C2ST(학습) 0.981  KS 0.109  상관오차 0.962  DCR비 5.76  기억 0.000  TSTR내부 0.4389  상수화 0  이진중간값 0.0397
[12:23:19]   v21|clip               C2ST(떼어둔) 0.888±0.039  C2ST(학습) 0.977  KS 0.115  상관오차 0.862  DCR비 1.82  기억 0.000  TSTR내부 0.3851  상수화 45  이진중간값 0.0002
[12:23:29]   v21|noclip             C2ST(떼어둔) 0.886±0.040  C2ST(학습) 0.976  KS 0.114  상관오차 0.853  DCR비 1.74  기억 0.000  TSTR내부 0.3763  상수화 40  이진중간값 0.0002
[12:23:41]   v21|noclip_snap        C2ST(떼어둔) 0.884±0.039  C2ST(학습) 0.976  KS 0.114  상관오차 0.853  DCR비 1.74  기억 0.000  TSTR내부 0.3763  상수화 40  이진중간값 0.0000
[12:23:55]   ref|real_fit           C2ST(떼어둔) 0.479±0.047  C2ST(학습) 0.025  KS 0.058  상관오차 0.736  DCR비 0.00  기억 1.000  TSTR내부 0.5910  상수화 0  이진중간값 0.0000
[12:24:08]   ref|smote              C2ST(떼어둔) 0.602±0.038  C2ST(학습) 0.459  KS 0.069  상관오차 0.815  DCR비 0.45  기억 0.274  TSTR내부 0.4946  상수화 0  이진중간값 0.0200
[12:24:24]   ref|gauss_copula       C2ST(떼어둔) 0.871±0.028  C2ST(학습) 0.963  KS 0.076  상관오차 0.785  DCR비 3.12  기억 0.000  TSTR내부 0.4677  상수화 35  이진중간값 0.0006
[12:24:30]   ref|indep_marg         C2ST(떼어둔) 0.646±0.043  C2ST(학습) 0.989  KS 0.061  상관오차 0.966  DCR비 4.04  기억 0.000  TSTR내부 0.5433  상수화 0  이진중간값 0.0000
[12:24:30] 과제 0 conditional_mixed: 생성기 학습 483행 (불량 121), 떼어 둔 불량 30, 특징 169, 이진 특징 85, 합성 500
[12:26:42]   v21 학습 123.6초, 최적 단계 3750/5750, 떼어 둔 불량 손실 {'model': 0.128, 'zero': 1.005, 'gauss_indep': 0.283}
[12:26:46]   archived|clip          C2ST(떼어둔) 0.878±0.025  C2ST(학습) 0.984  KS 0.118  상관오차 0.950  DCR비 6.64  기억 0.000  TSTR내부 0.3055  상수화 21  이진중간값 0.0060
[12:26:51]   archived|noclip        C2ST(떼어둔) 0.876±0.027  C2ST(학습) 0.983  KS 0.133  상관오차 0.982  DCR비 7.62  기억 0.000  TSTR내부 0.2732  상수화 0  이진중간값 0.0268
[12:26:56]   v21|clip               C2ST(떼어둔) 0.818±0.017  C2ST(학습) 0.934  KS 0.071  상관오차 0.730  DCR비 2.03  기억 0.000  TSTR내부 0.3409  상수화 26  이진중간값 0.0006
[12:27:01]   v21|noclip             C2ST(떼어둔) 0.818±0.019  C2ST(학습) 0.922  KS 0.070  상관오차 0.664  DCR비 1.24  기억 0.000  TSTR내부 0.3589  상수화 11  이진중간값 0.0001
[12:27:06]   v21|noclip_snap        C2ST(떼어둔) 0.818±0.019  C2ST(학습) 0.922  KS 0.070  상관오차 0.664  DCR비 1.24  기억 0.000  TSTR내부 0.3589  상수화 11  이진중간값 0.0000
[12:27:11]   ref|real_fit           C2ST(떼어둔) 0.445±0.052  C2ST(학습) 0.024  KS 0.060  상관오차 0.657  DCR비 0.00  기억 1.000  TSTR내부 0.6437  상수화 0  이진중간값 0.0000
[12:27:16]   ref|smote              C2ST(떼어둔) 0.596±0.058  C2ST(학습) 0.522  KS 0.068  상관오차 0.715  DCR비 0.44  기억 0.298  TSTR내부 0.6029  상수화 0  이진중간값 0.0127
[12:27:20]   ref|gauss_copula       C2ST(떼어둔) 0.852±0.027  C2ST(학습) 0.963  KS 0.071  상관오차 0.717  DCR비 3.89  기억 0.000  TSTR내부 0.4445  상수화 34  이진중간값 0.0001
[12:27:25]   ref|indep_marg         C2ST(떼어둔) 0.669±0.088  C2ST(학습) 0.990  KS 0.061  상관오차 0.962  DCR비 4.86  기억 0.000  TSTR내부 0.5431  상수화 0  이진중간값 0.0000
[12:27:26] 과제 5 positive_only: 생성기 학습 584행 (불량 584), 떼어 둔 불량 146, 특징 157, 이진 특징 54, 합성 1168
[12:30:54]   v21 학습 192.1초, 최적 단계 5250/7250, 떼어 둔 불량 손실 {'model': 0.088, 'zero': 1.004, 'gauss_indep': 0.268}
[12:31:10]   archived|clip          C2ST(떼어둔) 0.975±0.007  C2ST(학습) 0.999  KS 0.070  상관오차 0.918  DCR비 11.70  기억 0.000  TSTR내부 0.1154  상수화 24  이진중간값 0.0058
[12:31:26]   archived|noclip        C2ST(떼어둔) 0.974±0.008  C2ST(학습) 0.999  KS 0.081  상관오차 0.917  DCR비 13.10  기억 0.000  TSTR내부 0.1220  상수화 0  이진중간값 0.0168
[12:31:45]   v21|clip               C2ST(떼어둔) 0.833±0.024  C2ST(학습) 0.955  KS 0.042  상관오차 0.608  DCR비 1.21  기억 0.000  TSTR내부 0.1778  상수화 27  이진중간값 0.0002
[12:32:01]   v21|noclip             C2ST(떼어둔) 0.804±0.022  C2ST(학습) 0.932  KS 0.041  상관오차 0.569  DCR비 1.17  기억 0.000  TSTR내부 0.1942  상수화 17  이진중간값 0.0000
[12:32:19]   v21|noclip_snap        C2ST(떼어둔) 0.804±0.022  C2ST(학습) 0.932  KS 0.041  상관오차 0.569  DCR비 1.17  기억 0.000  TSTR내부 0.1942  상수화 17  이진중간값 0.0000
[12:32:33]   ref|real_fit           C2ST(떼어둔) 0.561±0.023  C2ST(학습) 0.027  KS 0.025  상관오차 0.490  DCR비 0.00  기억 1.000  TSTR내부 0.3668  상수화 0  이진중간값 0.0000
[12:32:46]   ref|smote              C2ST(떼어둔) 0.694±0.023  C2ST(학습) 0.840  KS 0.031  상관오차 0.536  DCR비 0.47  기억 0.444  TSTR내부 0.3142  상수화 0  이진중간값 0.0042
[12:33:05]   ref|gauss_copula       C2ST(떼어둔) 0.979±0.006  C2ST(학습) 0.998  KS 0.043  상관오차 0.740  DCR비 5.91  기억 0.000  TSTR내부 0.1216  상수화 40  이진중간값 0.0001
[12:33:20]   ref|indep_marg         C2ST(떼어둔) 0.973±0.009  C2ST(학습) 0.999  KS 0.025  상관오차 0.926  DCR비 8.71  기억 0.000  TSTR내부 0.1596  상수화 3  이진중간값 0.0000
[12:33:20] 과제 5 conditional_mixed: 생성기 학습 2336행 (불량 584), 떼어 둔 불량 146, 특징 157, 이진 특징 76, 합성 1168
[12:45:17]   v21 학습 682.6초, 최적 단계 16750/18750, 떼어 둔 불량 손실 {'model': 0.056, 'zero': 1.004, 'gauss_indep': 0.268}
[12:45:26]   archived|clip          C2ST(떼어둔) 0.997±0.004  C2ST(학습) 1.000  KS 0.263  상관오차 1.505  DCR비 21.46  기억 0.000  TSTR내부 0.0371  상수화 27  이진중간값 0.0071
[12:45:34]   archived|noclip        C2ST(떼어둔) 1.000±0.000  C2ST(학습) 1.000  KS 0.432  상관오차 2.125  DCR비 39.14  기억 0.000  TSTR내부 0.0407  상수화 3  이진중간값 0.0149
[12:45:45]   v21|clip               C2ST(떼어둔) 0.800±0.031  C2ST(학습) 0.938  KS 0.030  상관오차 0.548  DCR비 1.35  기억 0.000  TSTR내부 0.1540  상수화 27  이진중간값 0.0001
[12:45:55]   v21|noclip             C2ST(떼어둔) 0.785±0.030  C2ST(학습) 0.914  KS 0.029  상관오차 0.544  DCR비 1.29  기억 0.000  TSTR내부 0.1606  상수화 14  이진중간값 0.0000
[12:46:06]   v21|noclip_snap        C2ST(떼어둔) 0.785±0.030  C2ST(학습) 0.914  KS 0.029  상관오차 0.544  DCR비 1.29  기억 0.000  TSTR내부 0.1606  상수화 14  이진중간값 0.0000
[12:46:16]   ref|real_fit           C2ST(떼어둔) 0.480±0.030  C2ST(학습) 0.028  KS 0.019  상관오차 0.591  DCR비 0.00  기억 1.000  TSTR내부 0.4056  상수화 0  이진중간값 0.0000
[12:46:27]   ref|smote              C2ST(떼어둔) 0.699±0.024  C2ST(학습) 0.861  KS 0.024  상관오차 0.628  DCR비 0.57  기억 0.449  TSTR내부 0.3176  상수화 1  이진중간값 0.0033
[12:46:37]   ref|gauss_copula       C2ST(떼어둔) 0.984±0.006  C2ST(학습) 0.999  KS 0.051  상관오차 0.675  DCR비 8.08  기억 0.000  TSTR내부 0.1095  상수화 39  이진중간값 0.0000
[12:46:48]   ref|indep_marg         C2ST(떼어둔) 0.968±0.017  C2ST(학습) 1.000  KS 0.021  상관오차 0.938  DCR비 11.30  기억 0.000  TSTR내부 0.1398  상수화 1  이진중간값 0.0000
[12:47:04] 과제 10 positive_only: 생성기 학습 2238행 (불량 2238), 떼어 둔 불량 560, 특징 561, 이진 특징 238, 합성 4476
[13:02:20]   v21 학습 873.0초, 최적 단계 29500/30000, 떼어 둔 불량 손실 {'model': 0.053, 'zero': 1.001, 'gauss_indep': 0.237}
[13:02:51]   archived|clip          C2ST(떼어둔) 1.000±0.000  C2ST(학습) 1.000  KS 0.045  상관오차 0.978  DCR비 12.31  기억 0.000  TSTR내부 0.0407  상수화 164  이진중간값 0.0009
[13:03:29]   archived|noclip        C2ST(떼어둔) 1.000±0.000  C2ST(학습) 1.000  KS 0.074  상관오차 1.241  DCR비 17.22  기억 0.000  TSTR내부 0.0835  상수화 0  이진중간값 0.0262
[13:04:05]   v21|clip               C2ST(떼어둔) 0.984±0.001  C2ST(학습) 0.997  KS 0.015  상관오차 0.726  DCR비 4.57  기억 0.000  TSTR내부 0.0570  상수화 172  이진중간값 0.0000
[13:04:32]   v21|noclip             C2ST(떼어둔) 1.000±0.000  C2ST(학습) 1.000  KS 0.016  상관오차 0.593  DCR비 4.06  기억 0.000  TSTR내부 0.0490  상수화 117  이진중간값 0.0000
[13:04:59]   v21|noclip_snap        C2ST(떼어둔) 1.000±0.000  C2ST(학습) 1.000  KS 0.016  상관오차 0.595  DCR비 4.06  기억 0.000  TSTR내부 0.0490  상수화 118  이진중간값 0.0000
[13:05:23]   ref|real_fit           C2ST(떼어둔) 0.515±0.013  C2ST(학습) 0.046  KS 0.005  상관오차 0.555  DCR비 0.00  기억 1.000  TSTR내부 0.2370  상수화 0  이진중간값 0.0000
[13:05:53]   ref|smote              C2ST(떼어둔) 0.811±0.011  C2ST(학습) 0.902  KS 0.007  상관오차 0.571  DCR비 0.72  기억 0.244  TSTR내부 0.1577  상수화 11  이진중간값 0.0029
[13:06:09]   ref|gauss_copula       C2ST(떼어둔) 1.000±0.000  C2ST(학습) 1.000  KS 0.017  상관오차 0.819  DCR비 6.43  기억 0.000  TSTR내부 0.0440  상수화 203  이진중간값 0.0000
[13:06:33]   ref|indep_marg         C2ST(떼어둔) 1.000±0.000  C2ST(학습) 1.000  KS 0.005  상관오차 0.889  DCR비 7.93  기억 0.000  TSTR내부 0.0951  상수화 10  이진중간값 0.0000
[13:06:35] 과제 10 conditional_mixed: 생성기 학습 8953행 (불량 2238), 떼어 둔 불량 560, 특징 561, 이진 특징 326, 합성 4476
[13:17:03]   v21 학습 567.1초, 최적 단계 30000/30000, 떼어 둔 불량 손실 {'model': 0.057, 'zero': 1.001, 'gauss_indep': 0.276}
[13:17:29]   archived|clip          C2ST(떼어둔) 1.000±0.000  C2ST(학습) 1.000  KS 0.042  상관오차 0.899  DCR비 12.19  기억 0.000  TSTR내부 0.0188  상수화 172  이진중간값 0.0003
[13:18:02]   archived|noclip        C2ST(떼어둔) 1.000±0.000  C2ST(학습) 1.000  KS 0.076  상관오차 1.065  DCR비 17.62  기억 0.000  TSTR내부 0.0240  상수화 0  이진중간값 0.0302
[13:18:27]   v21|clip               C2ST(떼어둔) 0.984±0.002  C2ST(학습) 0.999  KS 0.017  상관오차 0.719  DCR비 4.57  기억 0.000  TSTR내부 0.0274  상수화 182  이진중간값 0.0000
[13:18:43]   v21|noclip             C2ST(떼어둔) 1.000±0.000  C2ST(학습) 1.000  KS 0.018  상관오차 0.591  DCR비 4.46  기억 0.000  TSTR내부 0.0283  상수화 123  이진중간값 0.0000
[13:18:59]   v21|noclip_snap        C2ST(떼어둔) 1.000±0.000  C2ST(학습) 1.000  KS 0.018  상관오차 0.591  DCR비 4.47  기억 0.000  TSTR내부 0.0297  상수화 123  이진중간값 0.0000
[13:19:18]   ref|real_fit           C2ST(떼어둔) 0.492±0.013  C2ST(학습) 0.049  KS 0.004  상관오차 0.569  DCR비 0.00  기억 1.000  TSTR내부 0.2607  상수화 0  이진중간값 0.0000
[13:19:44]   ref|smote              C2ST(떼어둔) 0.799±0.017  C2ST(학습) 0.890  KS 0.007  상관오차 0.597  DCR비 0.67  기억 0.270  TSTR내부 0.1693  상수화 7  이진중간값 0.0021
[13:20:01]   ref|gauss_copula       C2ST(떼어둔) 1.000±0.000  C2ST(학습) 1.000  KS 0.018  상관오차 0.814  DCR비 6.27  기억 0.000  TSTR내부 0.0429  상수화 211  이진중간값 0.0000
[13:20:27]   ref|indep_marg         C2ST(떼어둔) 1.000±0.000  C2ST(학습) 1.000  KS 0.005  상관오차 0.902  DCR비 7.76  기억 0.000  TSTR내부 0.1027  상수화 8  이진중간값 0.0000
[13:20:27] 끝
