[11:41:03] 과제 0 positive_only: 학습 151행 (불량 151, 떼어 둔 불량 30), 특징 169
[11:44:03]   archived: 4.6초, 판별AUC(떼어둔) 0.5062, 판별AUC(학습) 1.0000, KS 0.0950, 상관오차 0.957, DCR비 5.092, TSTR 0.2225 
[11:44:12]   v21: 95.5초, 판별AUC(떼어둔) 0.5432, 판별AUC(학습) 0.9962, KS 0.1151, 상관오차 0.862, DCR비 1.816, TSTR 0.1215 | 최적 단계 2500, 떼어둔 손실 {'model': 0.164, 'zero': 1.005, 'gauss_indep': 0.248}
[11:44:23]   v21_small: 59.9초, 판별AUC(떼어둔) 0.5802, 판별AUC(학습) 0.9970, KS 0.1108, 상관오차 0.849, DCR비 1.792, TSTR 0.1840 | 최적 단계 2500, 떼어둔 손실 {'model': 0.164, 'zero': 1.005, 'gauss_indep': 0.248}
[11:44:34]   기준(실제 불량): 판별AUC(떼어둔) 0.4321, KS 0.0580, 상관오차 0.736, TSTR 0.1300
[11:44:34] 과제 0 conditional_mixed: 학습 604행 (불량 151, 떼어 둔 불량 30), 특징 169
[11:48:26]   archived: 3.4초, 판별AUC(떼어둔) 0.6296, 판별AUC(학습) 0.9962, KS 0.1183, 상관오차 0.950, DCR비 6.636, TSTR 0.5567 
[11:48:36]   v21: 121.8초, 판별AUC(떼어둔) 0.6296, 판별AUC(학습) 0.9092, KS 0.0712, 상관오차 0.730, DCR비 2.031, TSTR 0.2433 | 최적 단계 3750, 떼어둔 손실 {'model': 0.128, 'zero': 1.005, 'gauss_indep': 0.283}
[11:48:47]   v21_small: 89.4초, 판별AUC(떼어둔) 0.4938, 판별AUC(학습) 0.9309, KS 0.0685, 상관오차 0.733, DCR비 2.064, TSTR 0.2020 | 최적 단계 4500, 떼어둔 손실 {'model': 0.135, 'zero': 1.005, 'gauss_indep': 0.283}
[11:48:58]   기준(실제 불량): 판별AUC(떼어둔) 0.4938, KS 0.0601, 상관오차 0.657, TSTR 0.1868
[11:49:01] 과제 5 positive_only: 학습 730행 (불량 730, 떼어 둔 불량 146), 특징 157
[11:53:43]   archived: 4.8초, 판별AUC(떼어둔) 1.0000, 판별AUC(학습) 1.0000, KS 0.0700, 상관오차 0.917, DCR비 11.692, TSTR 0.0846 
[11:54:07]   v21: 149.7초, 판별AUC(떼어둔) 0.6803, 판별AUC(학습) 0.9470, KS 0.0417, 상관오차 0.610, DCR비 1.212, TSTR 0.0407 | 최적 단계 5250, 떼어둔 손실 {'model': 0.088, 'zero': 1.004, 'gauss_indep': 0.268}
[11:54:33]   v21_small: 104.0초, 판별AUC(떼어둔) 0.7608, 판별AUC(학습) 0.9564, KS 0.0426, 상관오차 0.616, DCR비 1.310, TSTR 0.0519 | 최적 단계 5750, 떼어둔 손실 {'model': 0.094, 'zero': 1.004, 'gauss_indep': 0.268}
[11:55:07]   기준(실제 불량): 판별AUC(떼어둔) 0.4819, KS 0.0252, 상관오차 0.490, TSTR 0.0527
[11:55:07] 과제 5 conditional_mixed: 학습 2920행 (불량 730, 떼어 둔 불량 146), 특징 157
[12:01:28]   archived: 19.8초, 판별AUC(떼어둔) 1.0000, 판별AUC(학습) 1.0000, KS 0.2631, 상관오차 1.502, DCR비 21.455, TSTR nan 
[12:01:47]   v21: 215.4초, 판별AUC(떼어둔) 0.7732, 판별AUC(학습) 0.9367, KS 0.0304, 상관오차 0.551, DCR비 1.508, TSTR 0.0436 | 최적 단계 10000, 떼어둔 손실 {'model': 0.059, 'zero': 1.004, 'gauss_indep': 0.268}
[12:02:07]   v21_small: 128.5초, 판별AUC(떼어둔) 0.7619, 판별AUC(학습) 0.9569, KS 0.0334, 상관오차 0.570, DCR비 1.618, TSTR 0.0542 | 최적 단계 10000, 떼어둔 손실 {'model': 0.062, 'zero': 1.004, 'gauss_indep': 0.268}
[12:02:27]   기준(실제 불량): 판별AUC(떼어둔) 0.5527, KS 0.0189, 상관오차 0.591, TSTR 0.0541
[12:02:43] 과제 10 positive_only: 학습 2798행 (불량 2798, 떼어 둔 불량 560), 특징 561
[12:09:41]   archived: 13.9초, 판별AUC(떼어둔) 1.0000, 판별AUC(학습) 1.0000, KS 0.0453, 상관오차 0.979, DCR비 12.323, TSTR 0.0312 
[12:10:17]   v21: 210.3초, 판별AUC(떼어둔) 0.9945, 판별AUC(학습) 0.9999, KS 0.0163, 상관오차 0.759, DCR비 5.631, TSTR 0.1002 | 최적 단계 10000, 떼어둔 손실 {'model': 0.071, 'zero': 1.001, 'gauss_indep': 0.237}
[12:10:51]   v21_small: 130.2초, 판별AUC(떼어둔) 0.9960, 판별AUC(학습) 1.0000, KS 0.0157, 상관오차 0.781, DCR비 5.949, TSTR 0.0481 | 최적 단계 10000, 떼어둔 손실 {'model': 0.097, 'zero': 1.001, 'gauss_indep': 0.237}
[12:11:25]   기준(실제 불량): 판별AUC(떼어둔) 0.5286, KS 0.0047, 상관오차 0.555, TSTR 0.0858
[12:11:27] 과제 10 conditional_mixed: 학습 11192행 (불량 2798, 떼어 둔 불량 560), 특징 561
[12:19:09]   archived: 52.1초, 판별AUC(떼어둔) 1.0000, 판별AUC(학습) 1.0000, KS 0.0420, 상관오차 0.898, DCR비 12.171, TSTR 0.0155 
[12:19:44]   v21: 215.1초, 판별AUC(떼어둔) 0.9963, 판별AUC(학습) 0.9999, KS 0.0180, 상관오차 0.741, DCR비 5.531, TSTR 0.0359 | 최적 단계 10000, 떼어둔 손실 {'model': 0.104, 'zero': 1.001, 'gauss_indep': 0.276}
[12:20:18]   v21_small: 130.9초, 판별AUC(떼어둔) 0.9980, 판별AUC(학습) 1.0000, KS 0.0180, 상관오차 0.768, DCR비 5.892, TSTR 0.0248 | 최적 단계 10000, 떼어둔 손실 {'model': 0.128, 'zero': 1.001, 'gauss_indep': 0.276}
[12:20:52]   기준(실제 불량): 판별AUC(떼어둔) 0.4965, KS 0.0043, 상관오차 0.569, TSTR 0.1006
[12:20:52] 끝
